---
source: qed-interpreter/src/lib.rs
assertion_line: 1548
expression: "ctx.debug_scope(ScopeId::root())"
input_file: tests/005.qed
---
ScopeId(0) (Module)
    Types:
        pub trait Storage (TypeId(18))
            Body: [DefId(4), DefId(5), DefId(6)]
            Unchecked Body: [DefId(13), DefId(14), DefId(15)]
        pub fn get_user_id (TypeId(36))
            Return Type: Felt (TypeId(3))
            Body: ExprId(69)
        pub fn get_contract_id (TypeId(37))
            Return Type: Felt (TypeId(3))
            Body: ExprId(71)
        pub fn get_checkpoint_id (TypeId(38))
            Return Type: Felt (TypeId(3))
            Body: ExprId(73)
        pub fn get_last_nonce (TypeId(39))
            Return Type: Felt (TypeId(3))
            Body: ExprId(75)
        pub fn get_user_public_key_hash (TypeId(40))
            Return Type: Array (TypeId(9))
            Body: ExprId(77)
        pub fn get_state_hash_at (TypeId(41))
            Parameters:
                Felt slot_index (Identifier { id: IdentId(56), location: Location { file_id: FileId(6), start: 402, end: 412 } }, TypeId(41))
            Return Type: Array (TypeId(9))
            Body: ExprId(80)
        pub fn get_other_contract_state_hash_at (TypeId(42))
            Parameters:
                Felt contract_state_tree_height (Identifier { id: IdentId(58), location: Location { file_id: FileId(6), start: 513, end: 539 } }, TypeId(42))
                Felt contract_id (Identifier { id: IdentId(59), location: Location { file_id: FileId(6), start: 547, end: 558 } }, TypeId(42))
                Felt slot_index (Identifier { id: IdentId(56), location: Location { file_id: FileId(6), start: 566, end: 576 } }, TypeId(42))
            Return Type: Array (TypeId(9))
            Body: ExprId(85)
        pub fn get_other_user_contract_state_hash_at (TypeId(43))
            Parameters:
                Felt contract_state_tree_height (Identifier { id: IdentId(58), location: Location { file_id: FileId(6), start: 738, end: 764 } }, TypeId(43))
                Felt user_id (Identifier { id: IdentId(61), location: Location { file_id: FileId(6), start: 772, end: 779 } }, TypeId(43))
                Felt contract_id (Identifier { id: IdentId(59), location: Location { file_id: FileId(6), start: 787, end: 798 } }, TypeId(43))
                Felt slot_index (Identifier { id: IdentId(56), location: Location { file_id: FileId(6), start: 806, end: 816 } }, TypeId(43))
            Return Type: Array (TypeId(9))
            Body: ExprId(91)
        pub fn cset_state_hash_at (TypeId(44))
            Parameters:
                Felt slot_index (Identifier { id: IdentId(56), location: Location { file_id: FileId(6), start: 973, end: 983 } }, TypeId(44))
                Array new_value (Identifier { id: IdentId(63), location: Location { file_id: FileId(6), start: 991, end: 1000 } }, TypeId(44))
            Return Type: Array (TypeId(9))
            Body: ExprId(95)
        pub Felt (TypeId(3))
        pub Array (TypeId(7))
        pub CheckedValueRef(RefCell { value: U32(4u32) }) (TypeId(8))
        pub Array (TypeId(9))
        pub Array (TypeId(9))
        pub Array (TypeId(30))
        pub trait Default (TypeId(46))
            Body: [DefId(36)]
            Unchecked Body: [DefId(46)]
        pub fn transmute (TypeId(12))
            Parameters:
                T x (Identifier { id: IdentId(49), location: Location { file_id: FileId(5), start: 23, end: 24 } }, TypeId(12))
            Return Type: U (TypeId(10))
            Body: ExprId(2)
            Generic Parameters: [TypeId(10), TypeId(11)]
        pub fn size_of (TypeId(14))
            Return Type: Felt (TypeId(3))
            Body: ExprId(4)
            Generic Parameters: [TypeId(13)]
        pub fn size_of (TypeId(31))
            Return Type: Felt (TypeId(3))
            Body: ExprId(38)
            Generic Parameters: [TypeId(28)]
        pub fn transmute (TypeId(33))
            Parameters:
                T x (Identifier { id: IdentId(49), location: Location { file_id: FileId(5), start: 23, end: 24 } }, TypeId(33))
            Return Type: Array (TypeId(30))
            Body: ExprId(57)
            Generic Parameters: [TypeId(30), TypeId(11)]
        pub struct Person (TypeId(50))
            Fields:
                pub Felt age (Identifier { id: IdentId(22), location: Location { file_id: FileId(0), start: 28, end: 31 } }, TypeId(50))
                bool male (Identifier { id: IdentId(23), location: Location { file_id: FileId(0), start: 43, end: 47 } }, TypeId(50))
        struct Family (TypeId(55))
            Fields:
                Person father (Identifier { id: IdentId(28), location: Location { file_id: FileId(0), start: 256, end: 262 } }, TypeId(55))
                Person mother (Identifier { id: IdentId(29), location: Location { file_id: FileId(0), start: 276, end: 282 } }, TypeId(55))
                pub Array children (Identifier { id: IdentId(30), location: Location { file_id: FileId(0), start: 300, end: 308 } }, TypeId(55))
        fn main (TypeId(56))
            Return Type: Felt (TypeId(3))
            Body: ExprId(149)
    ScopeId(1) (Module)
        ScopeId(2) (Module)
            Types:
                pub trait Storage (TypeId(18))
                    Body: [DefId(4), DefId(5), DefId(6)]
                    Unchecked Body: [DefId(13), DefId(14), DefId(15)]
                pub fn get_user_id (TypeId(36))
                    Return Type: Felt (TypeId(3))
                    Body: ExprId(69)
                pub fn get_contract_id (TypeId(37))
                    Return Type: Felt (TypeId(3))
                    Body: ExprId(71)
                pub fn get_checkpoint_id (TypeId(38))
                    Return Type: Felt (TypeId(3))
                    Body: ExprId(73)
                pub fn get_last_nonce (TypeId(39))
                    Return Type: Felt (TypeId(3))
                    Body: ExprId(75)
                pub fn get_user_public_key_hash (TypeId(40))
                    Return Type: Array (TypeId(9))
                    Body: ExprId(77)
                pub fn get_state_hash_at (TypeId(41))
                    Parameters:
                        Felt slot_index (Identifier { id: IdentId(56), location: Location { file_id: FileId(6), start: 402, end: 412 } }, TypeId(41))
                    Return Type: Array (TypeId(9))
                    Body: ExprId(80)
                pub fn get_other_contract_state_hash_at (TypeId(42))
                    Parameters:
                        Felt contract_state_tree_height (Identifier { id: IdentId(58), location: Location { file_id: FileId(6), start: 513, end: 539 } }, TypeId(42))
                        Felt contract_id (Identifier { id: IdentId(59), location: Location { file_id: FileId(6), start: 547, end: 558 } }, TypeId(42))
                        Felt slot_index (Identifier { id: IdentId(56), location: Location { file_id: FileId(6), start: 566, end: 576 } }, TypeId(42))
                    Return Type: Array (TypeId(9))
                    Body: ExprId(85)
                pub fn get_other_user_contract_state_hash_at (TypeId(43))
                    Parameters:
                        Felt contract_state_tree_height (Identifier { id: IdentId(58), location: Location { file_id: FileId(6), start: 738, end: 764 } }, TypeId(43))
                        Felt user_id (Identifier { id: IdentId(61), location: Location { file_id: FileId(6), start: 772, end: 779 } }, TypeId(43))
                        Felt contract_id (Identifier { id: IdentId(59), location: Location { file_id: FileId(6), start: 787, end: 798 } }, TypeId(43))
                        Felt slot_index (Identifier { id: IdentId(56), location: Location { file_id: FileId(6), start: 806, end: 816 } }, TypeId(43))
                    Return Type: Array (TypeId(9))
                    Body: ExprId(91)
                pub fn cset_state_hash_at (TypeId(44))
                    Parameters:
                        Felt slot_index (Identifier { id: IdentId(56), location: Location { file_id: FileId(6), start: 973, end: 983 } }, TypeId(44))
                        Array new_value (Identifier { id: IdentId(63), location: Location { file_id: FileId(6), start: 991, end: 1000 } }, TypeId(44))
                    Return Type: Array (TypeId(9))
                    Body: ExprId(95)
                pub Felt (TypeId(3))
                pub Array (TypeId(7))
                pub CheckedValueRef(RefCell { value: U32(4u32) }) (TypeId(8))
                pub Array (TypeId(9))
                pub Array (TypeId(9))
                pub Array (TypeId(30))
                pub trait Default (TypeId(46))
                    Body: [DefId(36)]
                    Unchecked Body: [DefId(46)]
                pub fn transmute (TypeId(12))
                    Parameters:
                        T x (Identifier { id: IdentId(49), location: Location { file_id: FileId(5), start: 23, end: 24 } }, TypeId(12))
                    Return Type: U (TypeId(10))
                    Body: ExprId(2)
                    Generic Parameters: [TypeId(10), TypeId(11)]
                pub fn size_of (TypeId(14))
                    Return Type: Felt (TypeId(3))
                    Body: ExprId(4)
                    Generic Parameters: [TypeId(13)]
                pub fn size_of (TypeId(31))
                    Return Type: Felt (TypeId(3))
                    Body: ExprId(38)
                    Generic Parameters: [TypeId(28)]
                pub fn transmute (TypeId(33))
                    Parameters:
                        T x (Identifier { id: IdentId(49), location: Location { file_id: FileId(5), start: 23, end: 24 } }, TypeId(33))
                    Return Type: Array (TypeId(30))
                    Body: ExprId(57)
                    Generic Parameters: [TypeId(30), TypeId(11)]
            ScopeId(3) (Module)
                Types:
                    pub Felt (TypeId(3))
                    pub Array (TypeId(7))
                    pub CheckedValueRef(RefCell { value: U32(4u32) }) (TypeId(8))
                    pub Array (TypeId(9))
                    pub Array (TypeId(9))
                    pub trait Storage (TypeId(18))
                        Body: [DefId(4), DefId(5), DefId(6)]
                        Unchecked Body: [DefId(13), DefId(14), DefId(15)]
                ScopeId(4) (Module)
                    Types:
                        pub Felt (TypeId(3))
                        pub Array (TypeId(7))
                        pub CheckedValueRef(RefCell { value: U32(4u32) }) (TypeId(8))
                        pub Array (TypeId(9))
                        pub Array (TypeId(9))
                        pub Array (TypeId(30))
                        pub CheckedValueRef(RefCell { value: U32(2u32) }) (TypeId(53))
                        pub Array (TypeId(54))
                    ScopeId(8) (Array)
                        Types:
                            pub T (TypeId(5))
                            pub N (TypeId(6))
                ScopeId(5) (Module)
                    Types:
                        pub fn transmute (TypeId(12))
                            Parameters:
                                T x (Identifier { id: IdentId(49), location: Location { file_id: FileId(5), start: 23, end: 24 } }, TypeId(12))
                            Return Type: U (TypeId(10))
                            Body: ExprId(2)
                            Generic Parameters: [TypeId(10), TypeId(11)]
                        pub fn size_of (TypeId(14))
                            Return Type: Felt (TypeId(3))
                            Body: ExprId(4)
                            Generic Parameters: [TypeId(13)]
                        pub fn size_of (TypeId(31))
                            Return Type: Felt (TypeId(3))
                            Body: ExprId(38)
                            Generic Parameters: [TypeId(28)]
                        pub fn transmute (TypeId(33))
                            Parameters:
                                T x (Identifier { id: IdentId(49), location: Location { file_id: FileId(5), start: 23, end: 24 } }, TypeId(33))
                            Return Type: Array (TypeId(30))
                            Body: ExprId(57)
                            Generic Parameters: [TypeId(30), TypeId(11)]
                    ScopeId(9) (Function)
                        Variables:
                            x: T
                        Types:
                            pub U (TypeId(10))
                            pub T (TypeId(11))
                        ScopeId(10) (Block)
                    ScopeId(11) (Function)
                        Types:
                            pub T (TypeId(13))
                        ScopeId(12) (Block)
                ScopeId(13) (Trait)
                    Types:
                    ScopeId(14) (TraitMethod)
                        Types:
                            pub fn size (TypeId(15))
                                Return Type: Felt (TypeId(3))
                    ScopeId(15) (TraitMethod)
                        Variables:
                            offset: Felt
                        Types:
                            pub fn read (TypeId(16))
                                Parameters:
                                    Felt offset (Identifier { id: IdentId(43), location: Location { file_id: FileId(3), start: 107, end: 113 } }, TypeId(16))
                                Return Type: unknown (TypeId(0))
                    ScopeId(16) (TraitMethod)
                        Variables:
                            offset: Felt
                            value: unknown
                        Types:
                            pub fn write (TypeId(17))
                                Parameters:
                                    Felt offset (Identifier { id: IdentId(43), location: Location { file_id: FileId(3), start: 147, end: 153 } }, TypeId(17))
                                    unknown value (Identifier { id: IdentId(45), location: Location { file_id: FileId(3), start: 161, end: 166 } }, TypeId(17))
                                Return Type: void (TypeId(1))
                ScopeId(17) (Impl)
                    Types:
                        pub Felt (TypeId(3))
                    ScopeId(18) (ImplMethod)
                        Types:
                            pub fn size (TypeId(19))
                                Return Type: Felt (TypeId(3))
                                Body: ExprId(6)
                        ScopeId(19) (Block)
                    ScopeId(20) (ImplMethod)
                        Variables:
                            offset: Felt
                        Types:
                            pub fn read (TypeId(20))
                                Parameters:
                                    Felt offset (Identifier { id: IdentId(43), location: Location { file_id: FileId(3), start: 271, end: 277 } }, TypeId(20))
                                Return Type: Felt (TypeId(3))
                                Body: ExprId(9)
                        ScopeId(21) (Block)
                    ScopeId(22) (ImplMethod)
                        Variables:
                            offset: Felt
                            value: Felt
                        Types:
                            pub fn write (TypeId(21))
                                Parameters:
                                    Felt offset (Identifier { id: IdentId(43), location: Location { file_id: FileId(3), start: 350, end: 356 } }, TypeId(21))
                                    Felt value (Identifier { id: IdentId(45), location: Location { file_id: FileId(3), start: 364, end: 369 } }, TypeId(21))
                                Return Type: void (TypeId(1))
                                Body: ExprId(13)
                        ScopeId(23) (Block)
                ScopeId(24) (Impl)
                    Types:
                    ScopeId(25) (ImplMethod)
                        Types:
                            pub fn size (TypeId(22))
                                Return Type: Felt (TypeId(3))
                                Body: ExprId(15)
                        ScopeId(26) (Block)
                    ScopeId(27) (ImplMethod)
                        Variables:
                            offset: Felt
                        Types:
                            pub fn read (TypeId(23))
                                Parameters:
                                    Felt offset (Identifier { id: IdentId(43), location: Location { file_id: FileId(3), start: 521, end: 527 } }, TypeId(23))
                                Return Type: bool (TypeId(2))
                                Body: ExprId(19)
                        ScopeId(28) (Block)
                    ScopeId(29) (ImplMethod)
                        Variables:
                            offset: Felt
                            value: bool
                        Types:
                            pub fn write (TypeId(24))
                                Parameters:
                                    Felt offset (Identifier { id: IdentId(43), location: Location { file_id: FileId(3), start: 608, end: 614 } }, TypeId(24))
                                    bool value (Identifier { id: IdentId(45), location: Location { file_id: FileId(3), start: 622, end: 627 } }, TypeId(24))
                                Return Type: void (TypeId(1))
                                Body: ExprId(24)
                        ScopeId(30) (Block)
                ScopeId(31) (Impl)
                    Types:
                    ScopeId(32) (ImplMethod)
                        Types:
                            pub fn size (TypeId(25))
                                Return Type: Felt (TypeId(3))
                                Body: ExprId(26)
                        ScopeId(33) (Block)
                    ScopeId(34) (ImplMethod)
                        Variables:
                            offset: Felt
                        Types:
                            pub fn read (TypeId(26))
                                Parameters:
                                    Felt offset (Identifier { id: IdentId(43), location: Location { file_id: FileId(3), start: 786, end: 792 } }, TypeId(26))
                                Return Type: u32 (TypeId(4))
                                Body: ExprId(30)
                        ScopeId(35) (Block)
                    ScopeId(36) (ImplMethod)
                        Variables:
                            offset: Felt
                            value: u32
                        Types:
                            pub fn write (TypeId(27))
                                Parameters:
                                    Felt offset (Identifier { id: IdentId(43), location: Location { file_id: FileId(3), start: 872, end: 878 } }, TypeId(27))
                                    u32 value (Identifier { id: IdentId(45), location: Location { file_id: FileId(3), start: 886, end: 891 } }, TypeId(27))
                                Return Type: void (TypeId(1))
                                Body: ExprId(35)
                        ScopeId(37) (Block)
                ScopeId(38) (Impl)
                    Types:
                        pub T (TypeId(28))
                        pub N (TypeId(29))
                        pub Array (TypeId(30))
                    ScopeId(39) (ImplMethod)
                        Types:
                            pub fn size (TypeId(32))
                                Return Type: Felt (TypeId(3))
                                Body: ExprId(44)
                        ScopeId(40) (Block)
                    ScopeId(41) (ImplMethod)
                        Variables:
                            offset: Felt
                        Types:
                            pub fn read (TypeId(34))
                                Parameters:
                                    Felt offset (Identifier { id: IdentId(43), location: Location { file_id: FileId(3), start: 1104, end: 1110 } }, TypeId(34))
                                Return Type: Array (TypeId(30))
                                Body: ExprId(61)
                        ScopeId(42) (Block)
                    ScopeId(43) (ImplMethod)
                        Variables:
                            offset: Felt
                            value: Array
                        Types:
                            pub fn write (TypeId(35))
                                Parameters:
                                    Felt offset (Identifier { id: IdentId(43), location: Location { file_id: FileId(3), start: 1250, end: 1256 } }, TypeId(35))
                                    Array value (Identifier { id: IdentId(45), location: Location { file_id: FileId(3), start: 1264, end: 1269 } }, TypeId(35))
                                Return Type: void (TypeId(1))
                                Body: ExprId(67)
                        ScopeId(44) (Block)
            ScopeId(6) (Module)
                Types:
                    pub Felt (TypeId(3))
                    pub Array (TypeId(7))
                    pub CheckedValueRef(RefCell { value: U32(4u32) }) (TypeId(8))
                    pub Array (TypeId(9))
                    pub Array (TypeId(9))
                    pub Array (TypeId(30))
                    pub fn get_user_id (TypeId(36))
                        Return Type: Felt (TypeId(3))
                        Body: ExprId(69)
                    pub fn get_contract_id (TypeId(37))
                        Return Type: Felt (TypeId(3))
                        Body: ExprId(71)
                    pub fn get_checkpoint_id (TypeId(38))
                        Return Type: Felt (TypeId(3))
                        Body: ExprId(73)
                    pub fn get_last_nonce (TypeId(39))
                        Return Type: Felt (TypeId(3))
                        Body: ExprId(75)
                    pub fn get_user_public_key_hash (TypeId(40))
                        Return Type: Array (TypeId(9))
                        Body: ExprId(77)
                    pub fn get_state_hash_at (TypeId(41))
                        Parameters:
                            Felt slot_index (Identifier { id: IdentId(56), location: Location { file_id: FileId(6), start: 402, end: 412 } }, TypeId(41))
                        Return Type: Array (TypeId(9))
                        Body: ExprId(80)
                    pub fn get_other_contract_state_hash_at (TypeId(42))
                        Parameters:
                            Felt contract_state_tree_height (Identifier { id: IdentId(58), location: Location { file_id: FileId(6), start: 513, end: 539 } }, TypeId(42))
                            Felt contract_id (Identifier { id: IdentId(59), location: Location { file_id: FileId(6), start: 547, end: 558 } }, TypeId(42))
                            Felt slot_index (Identifier { id: IdentId(56), location: Location { file_id: FileId(6), start: 566, end: 576 } }, TypeId(42))
                        Return Type: Array (TypeId(9))
                        Body: ExprId(85)
                    pub fn get_other_user_contract_state_hash_at (TypeId(43))
                        Parameters:
                            Felt contract_state_tree_height (Identifier { id: IdentId(58), location: Location { file_id: FileId(6), start: 738, end: 764 } }, TypeId(43))
                            Felt user_id (Identifier { id: IdentId(61), location: Location { file_id: FileId(6), start: 772, end: 779 } }, TypeId(43))
                            Felt contract_id (Identifier { id: IdentId(59), location: Location { file_id: FileId(6), start: 787, end: 798 } }, TypeId(43))
                            Felt slot_index (Identifier { id: IdentId(56), location: Location { file_id: FileId(6), start: 806, end: 816 } }, TypeId(43))
                        Return Type: Array (TypeId(9))
                        Body: ExprId(91)
                    pub fn cset_state_hash_at (TypeId(44))
                        Parameters:
                            Felt slot_index (Identifier { id: IdentId(56), location: Location { file_id: FileId(6), start: 973, end: 983 } }, TypeId(44))
                            Array new_value (Identifier { id: IdentId(63), location: Location { file_id: FileId(6), start: 991, end: 1000 } }, TypeId(44))
                        Return Type: Array (TypeId(9))
                        Body: ExprId(95)
                ScopeId(4) (Module)
                    Types:
                        pub Felt (TypeId(3))
                        pub Array (TypeId(7))
                        pub CheckedValueRef(RefCell { value: U32(4u32) }) (TypeId(8))
                        pub Array (TypeId(9))
                        pub Array (TypeId(9))
                        pub Array (TypeId(30))
                        pub CheckedValueRef(RefCell { value: U32(2u32) }) (TypeId(53))
                        pub Array (TypeId(54))
                    ScopeId(8) (Array)
                        Types:
                            pub T (TypeId(5))
                            pub N (TypeId(6))
                ScopeId(45) (Function)
                    ScopeId(46) (Block)
                ScopeId(47) (Function)
                    ScopeId(48) (Block)
                ScopeId(49) (Function)
                    ScopeId(50) (Block)
                ScopeId(51) (Function)
                    ScopeId(52) (Block)
                ScopeId(53) (Function)
                    ScopeId(54) (Block)
                ScopeId(55) (Function)
                    Variables:
                        slot_index: Felt
                    ScopeId(56) (Block)
                ScopeId(57) (Function)
                    Variables:
                        contract_state_tree_height: Felt
                        contract_id: Felt
                        slot_index: Felt
                    ScopeId(58) (Block)
                ScopeId(59) (Function)
                    Variables:
                        contract_state_tree_height: Felt
                        user_id: Felt
                        contract_id: Felt
                        slot_index: Felt
                    ScopeId(60) (Block)
                ScopeId(61) (Function)
                    Variables:
                        slot_index: Felt
                        new_value: Array
                    ScopeId(62) (Block)
            ScopeId(4) (Module)
                Types:
                    pub Felt (TypeId(3))
                    pub Array (TypeId(7))
                    pub CheckedValueRef(RefCell { value: U32(4u32) }) (TypeId(8))
                    pub Array (TypeId(9))
                    pub Array (TypeId(9))
                    pub Array (TypeId(30))
                    pub CheckedValueRef(RefCell { value: U32(2u32) }) (TypeId(53))
                    pub Array (TypeId(54))
                ScopeId(8) (Array)
                    Types:
                        pub T (TypeId(5))
                        pub N (TypeId(6))
            ScopeId(7) (Module)
                Types:
                    pub trait Default (TypeId(46))
                        Body: [DefId(36)]
                        Unchecked Body: [DefId(46)]
                ScopeId(63) (Trait)
                    Types:
                    ScopeId(64) (TraitMethod)
                        Types:
                            pub fn default (TypeId(45))
                                Return Type: unknown (TypeId(0))
                ScopeId(65) (Impl)
                    Types:
                        pub Felt (TypeId(3))
                    ScopeId(66) (ImplMethod)
                        Types:
                            pub fn default (TypeId(47))
                                Return Type: Felt (TypeId(3))
                                Body: ExprId(97)
                        ScopeId(67) (Block)
                ScopeId(68) (Impl)
                    Types:
                    ScopeId(69) (ImplMethod)
                        Types:
                            pub fn default (TypeId(48))
                                Return Type: bool (TypeId(2))
                                Body: ExprId(99)
                        ScopeId(70) (Block)
                ScopeId(71) (Impl)
                    Types:
                    ScopeId(72) (ImplMethod)
                        Types:
                            pub fn default (TypeId(49))
                                Return Type: u32 (TypeId(4))
                                Body: ExprId(101)
                        ScopeId(73) (Block)
            ScopeId(5) (Module)
                Types:
                    pub fn transmute (TypeId(12))
                        Parameters:
                            T x (Identifier { id: IdentId(49), location: Location { file_id: FileId(5), start: 23, end: 24 } }, TypeId(12))
                        Return Type: U (TypeId(10))
                        Body: ExprId(2)
                        Generic Parameters: [TypeId(10), TypeId(11)]
                    pub fn size_of (TypeId(14))
                        Return Type: Felt (TypeId(3))
                        Body: ExprId(4)
                        Generic Parameters: [TypeId(13)]
                    pub fn size_of (TypeId(31))
                        Return Type: Felt (TypeId(3))
                        Body: ExprId(38)
                        Generic Parameters: [TypeId(28)]
                    pub fn transmute (TypeId(33))
                        Parameters:
                            T x (Identifier { id: IdentId(49), location: Location { file_id: FileId(5), start: 23, end: 24 } }, TypeId(33))
                        Return Type: Array (TypeId(30))
                        Body: ExprId(57)
                        Generic Parameters: [TypeId(30), TypeId(11)]
                ScopeId(9) (Function)
                    Variables:
                        x: T
                    Types:
                        pub U (TypeId(10))
                        pub T (TypeId(11))
                    ScopeId(10) (Block)
                ScopeId(11) (Function)
                    Types:
                        pub T (TypeId(13))
                    ScopeId(12) (Block)
    ScopeId(74) (Struct)
    ScopeId(75) (Impl)
        Types:
            pub struct Person (TypeId(50))
                Fields:
                    pub Felt age (Identifier { id: IdentId(22), location: Location { file_id: FileId(0), start: 28, end: 31 } }, TypeId(50))
                    bool male (Identifier { id: IdentId(23), location: Location { file_id: FileId(0), start: 43, end: 47 } }, TypeId(50))
        ScopeId(76) (ImplMethod)
            Variables:
                mut self: Person
                new_age: Felt
            Types:
                pub fn set_age (TypeId(51))
                    Parameters:
                        mut Person self (Identifier { id: IdentId(9), location: Location { file_id: FileId(0), start: 94, end: 98 } }, TypeId(51))
                        Felt new_age (Identifier { id: IdentId(25), location: Location { file_id: FileId(0), start: 108, end: 115 } }, TypeId(51))
                    Return Type: void (TypeId(1))
                    Body: ExprId(105)
            ScopeId(77) (Block)
        ScopeId(78) (ImplMethod)
            Variables:
                self: Person
            Types:
                pub fn get_age (TypeId(52))
                    Parameters:
                        Person self (Identifier { id: IdentId(9), location: Location { file_id: FileId(0), start: 178, end: 182 } }, TypeId(52))
                    Return Type: Felt (TypeId(3))
                    Body: ExprId(108)
            ScopeId(79) (Block)
    ScopeId(80) (Struct)
    ScopeId(81) (Function)
        ScopeId(82) (Block)
            Variables:
                father: Person
                mother: Person
                mut boy: Person
                girl: Person
                mut family: Family
                boy_age: Felt
