---
source: qed_compiler/qed-interpreter/src/lib.rs
expression: "ctx.debug_scope(ScopeId::root())"
input_file: qed_compiler/tests/struct_test.qed
---
ScopeId(0) (Module)
    Types:
        trait PersonLike (TypeId(36))
            Body: [DefId(22)]
            Unchecked Body: [DefId(4)]
        struct Person (TypeId(38))
            Fields:
                pub Tuple age_height (Identifier { id: IdentId(30), location: Location { file_id: FileId(0), start: 340, end: 350 } }, TypeId(38))
                pub Felt year_of_birth (Identifier { id: IdentId(31), location: Location { file_id: FileId(0), start: 384, end: 397 } }, TypeId(38))
        struct Family (TypeId(39))
            Fields:
                Person father (Identifier { id: IdentId(33), location: Location { file_id: FileId(0), start: 542, end: 548 } }, TypeId(39))
                Person mother (Identifier { id: IdentId(34), location: Location { file_id: FileId(0), start: 562, end: 568 } }, TypeId(39))
                pub Array children (Identifier { id: IdentId(35), location: Location { file_id: FileId(0), start: 586, end: 594 } }, TypeId(39))
        struct ContractStorage (TypeId(40))
            Fields:
                Felt a (Identifier { id: IdentId(24), location: Location { file_id: FileId(0), start: 1264, end: 1265 } }, TypeId(40))
                Array b (Identifier { id: IdentId(25), location: Location { file_id: FileId(0), start: 1277, end: 1278 } }, TypeId(40))
                Person c (Identifier { id: IdentId(46), location: Location { file_id: FileId(0), start: 1295, end: 1296 } }, TypeId(40))
        fn main (TypeId(41))
            Return Type: void (TypeId(1))
            Body: ExprId(343)
        pub trait Storage (TypeId(15))
            Body: [DefId(2), DefId(3), DefId(4)]
            Unchecked Body: [DefId(27), DefId(28), DefId(29)]
        pub trait StorageAt (TypeId(19))
            Body: [DefId(6), DefId(7)]
            Unchecked Body: [DefId(31), DefId(32)]
            Generic Parameters: [TypeId(45), TypeId(46)]
        pub trait StorageAt (TypeId(66))
            Body: [DefId(45), DefId(46)]
            Unchecked Body: [DefId(31), DefId(32)]
            Generic Parameters: [TypeId(62), TypeId(63)]
        pub fn get_user_id (TypeId(21))
            Return Type: Felt (TypeId(3))
            Body: ExprId(98)
        pub fn get_contract_id (TypeId(22))
            Return Type: Felt (TypeId(3))
            Body: ExprId(100)
        pub fn get_checkpoint_id (TypeId(23))
            Return Type: Felt (TypeId(3))
            Body: ExprId(102)
        pub fn get_last_nonce (TypeId(24))
            Return Type: Felt (TypeId(3))
            Body: ExprId(104)
        pub fn get_user_public_key_hash (TypeId(25))
            Return Type: Array (TypeId(9))
            Body: ExprId(106)
        pub fn get_state_hash_at (TypeId(26))
            Parameters:
                Felt slot_index (Identifier { id: IdentId(87), location: Location { file_id: FileId(6), start: 402, end: 412 } }, TypeId(26))
            Return Type: Array (TypeId(9))
            Body: ExprId(109)
        pub fn get_other_contract_state_hash_at (TypeId(27))
            Parameters:
                Felt contract_state_tree_height (Identifier { id: IdentId(89), location: Location { file_id: FileId(6), start: 513, end: 539 } }, TypeId(27))
                Felt contract_id (Identifier { id: IdentId(90), location: Location { file_id: FileId(6), start: 547, end: 558 } }, TypeId(27))
                Felt slot_index (Identifier { id: IdentId(87), location: Location { file_id: FileId(6), start: 566, end: 576 } }, TypeId(27))
            Return Type: Array (TypeId(9))
            Body: ExprId(114)
        pub fn get_other_user_contract_state_hash_at (TypeId(28))
            Parameters:
                Felt contract_state_tree_height (Identifier { id: IdentId(89), location: Location { file_id: FileId(6), start: 738, end: 764 } }, TypeId(28))
                Felt user_id (Identifier { id: IdentId(92), location: Location { file_id: FileId(6), start: 772, end: 779 } }, TypeId(28))
                Felt contract_id (Identifier { id: IdentId(90), location: Location { file_id: FileId(6), start: 787, end: 798 } }, TypeId(28))
                Felt slot_index (Identifier { id: IdentId(87), location: Location { file_id: FileId(6), start: 806, end: 816 } }, TypeId(28))
            Return Type: Array (TypeId(9))
            Body: ExprId(120)
        pub fn cset_state_hash_at (TypeId(29))
            Parameters:
                Felt slot_index (Identifier { id: IdentId(87), location: Location { file_id: FileId(6), start: 973, end: 983 } }, TypeId(29))
                Array new_value (Identifier { id: IdentId(94), location: Location { file_id: FileId(6), start: 991, end: 1000 } }, TypeId(29))
            Return Type: Array (TypeId(9))
            Body: ExprId(124)
        pub Felt (TypeId(3))
        pub Array (TypeId(7))
        pub CheckedValueRef(RwLock { data: U32(4u32), poisoned: false, .. }) (TypeId(8))
        pub Array (TypeId(9))
        pub Array (TypeId(9))
        pub Array (TypeId(58))
        pub Array (TypeId(67))
        pub trait Default (TypeId(31))
            Body: [DefId(18)]
            Unchecked Body: [DefId(65)]
        pub fn transmute (TypeId(10))
            Parameters:
                T x (Identifier { id: IdentId(79), location: Location { file_id: FileId(5), start: 23, end: 24 } }, TypeId(10))
            Return Type: U (TypeId(42))
            Body: ExprId(2)
            Generic Parameters: [TypeId(42), TypeId(43)]
        pub fn size_of (TypeId(11))
            Return Type: Felt (TypeId(3))
            Body: ExprId(4)
            Generic Parameters: [TypeId(44)]
        pub fn max (TypeId(33))
            Parameters:
                Felt a (Identifier { id: IdentId(24), location: Location { file_id: FileId(0), start: 26, end: 27 } }, TypeId(33))
                Felt b (Identifier { id: IdentId(25), location: Location { file_id: FileId(0), start: 35, end: 36 } }, TypeId(33))
            Return Type: Felt (TypeId(3))
            Body: ExprId(144)
        pub fn min (TypeId(34))
            Parameters:
                Felt a (Identifier { id: IdentId(24), location: Location { file_id: FileId(0), start: 143, end: 144 } }, TypeId(34))
                Felt b (Identifier { id: IdentId(25), location: Location { file_id: FileId(0), start: 152, end: 153 } }, TypeId(34))
            Return Type: Felt (TypeId(3))
            Body: ExprId(158)
    ScopeId(1) (Module)
        Types:
            pub fn max (TypeId(33))
                Parameters:
                    Felt a (Identifier { id: IdentId(24), location: Location { file_id: FileId(0), start: 26, end: 27 } }, TypeId(33))
                    Felt b (Identifier { id: IdentId(25), location: Location { file_id: FileId(0), start: 35, end: 36 } }, TypeId(33))
                Return Type: Felt (TypeId(3))
                Body: ExprId(144)
            pub fn min (TypeId(34))
                Parameters:
                    Felt a (Identifier { id: IdentId(24), location: Location { file_id: FileId(0), start: 143, end: 144 } }, TypeId(34))
                    Felt b (Identifier { id: IdentId(25), location: Location { file_id: FileId(0), start: 152, end: 153 } }, TypeId(34))
                Return Type: Felt (TypeId(3))
                Body: ExprId(158)
            pub trait Storage (TypeId(15))
                Body: [DefId(2), DefId(3), DefId(4)]
                Unchecked Body: [DefId(27), DefId(28), DefId(29)]
            pub trait StorageAt (TypeId(19))
                Body: [DefId(6), DefId(7)]
                Unchecked Body: [DefId(31), DefId(32)]
                Generic Parameters: [TypeId(45), TypeId(46)]
            pub trait StorageAt (TypeId(66))
                Body: [DefId(45), DefId(46)]
                Unchecked Body: [DefId(31), DefId(32)]
                Generic Parameters: [TypeId(62), TypeId(63)]
            pub fn get_user_id (TypeId(21))
                Return Type: Felt (TypeId(3))
                Body: ExprId(98)
            pub fn get_contract_id (TypeId(22))
                Return Type: Felt (TypeId(3))
                Body: ExprId(100)
            pub fn get_checkpoint_id (TypeId(23))
                Return Type: Felt (TypeId(3))
                Body: ExprId(102)
            pub fn get_last_nonce (TypeId(24))
                Return Type: Felt (TypeId(3))
                Body: ExprId(104)
            pub fn get_user_public_key_hash (TypeId(25))
                Return Type: Array (TypeId(9))
                Body: ExprId(106)
            pub fn get_state_hash_at (TypeId(26))
                Parameters:
                    Felt slot_index (Identifier { id: IdentId(87), location: Location { file_id: FileId(6), start: 402, end: 412 } }, TypeId(26))
                Return Type: Array (TypeId(9))
                Body: ExprId(109)
            pub fn get_other_contract_state_hash_at (TypeId(27))
                Parameters:
                    Felt contract_state_tree_height (Identifier { id: IdentId(89), location: Location { file_id: FileId(6), start: 513, end: 539 } }, TypeId(27))
                    Felt contract_id (Identifier { id: IdentId(90), location: Location { file_id: FileId(6), start: 547, end: 558 } }, TypeId(27))
                    Felt slot_index (Identifier { id: IdentId(87), location: Location { file_id: FileId(6), start: 566, end: 576 } }, TypeId(27))
                Return Type: Array (TypeId(9))
                Body: ExprId(114)
            pub fn get_other_user_contract_state_hash_at (TypeId(28))
                Parameters:
                    Felt contract_state_tree_height (Identifier { id: IdentId(89), location: Location { file_id: FileId(6), start: 738, end: 764 } }, TypeId(28))
                    Felt user_id (Identifier { id: IdentId(92), location: Location { file_id: FileId(6), start: 772, end: 779 } }, TypeId(28))
                    Felt contract_id (Identifier { id: IdentId(90), location: Location { file_id: FileId(6), start: 787, end: 798 } }, TypeId(28))
                    Felt slot_index (Identifier { id: IdentId(87), location: Location { file_id: FileId(6), start: 806, end: 816 } }, TypeId(28))
                Return Type: Array (TypeId(9))
                Body: ExprId(120)
            pub fn cset_state_hash_at (TypeId(29))
                Parameters:
                    Felt slot_index (Identifier { id: IdentId(87), location: Location { file_id: FileId(6), start: 973, end: 983 } }, TypeId(29))
                    Array new_value (Identifier { id: IdentId(94), location: Location { file_id: FileId(6), start: 991, end: 1000 } }, TypeId(29))
                Return Type: Array (TypeId(9))
                Body: ExprId(124)
            pub Felt (TypeId(3))
            pub Array (TypeId(7))
            pub CheckedValueRef(RwLock { data: U32(4u32), poisoned: false, .. }) (TypeId(8))
            pub Array (TypeId(9))
            pub Array (TypeId(9))
            pub Array (TypeId(58))
            pub Array (TypeId(67))
            pub trait Default (TypeId(31))
                Body: [DefId(18)]
                Unchecked Body: [DefId(65)]
            pub fn transmute (TypeId(10))
                Parameters:
                    T x (Identifier { id: IdentId(79), location: Location { file_id: FileId(5), start: 23, end: 24 } }, TypeId(10))
                Return Type: U (TypeId(42))
                Body: ExprId(2)
                Generic Parameters: [TypeId(42), TypeId(43)]
            pub fn size_of (TypeId(11))
                Return Type: Felt (TypeId(3))
                Body: ExprId(4)
                Generic Parameters: [TypeId(44)]
        ScopeId(2) (Module)
            ScopeId(3) (Module)
                Types:
                    pub trait Storage (TypeId(15))
                        Body: [DefId(2), DefId(3), DefId(4)]
                        Unchecked Body: [DefId(27), DefId(28), DefId(29)]
                    pub trait StorageAt (TypeId(19))
                        Body: [DefId(6), DefId(7)]
                        Unchecked Body: [DefId(31), DefId(32)]
                        Generic Parameters: [TypeId(45), TypeId(46)]
                    pub trait StorageAt (TypeId(66))
                        Body: [DefId(45), DefId(46)]
                        Unchecked Body: [DefId(31), DefId(32)]
                        Generic Parameters: [TypeId(62), TypeId(63)]
                    pub fn get_user_id (TypeId(21))
                        Return Type: Felt (TypeId(3))
                        Body: ExprId(98)
                    pub fn get_contract_id (TypeId(22))
                        Return Type: Felt (TypeId(3))
                        Body: ExprId(100)
                    pub fn get_checkpoint_id (TypeId(23))
                        Return Type: Felt (TypeId(3))
                        Body: ExprId(102)
                    pub fn get_last_nonce (TypeId(24))
                        Return Type: Felt (TypeId(3))
                        Body: ExprId(104)
                    pub fn get_user_public_key_hash (TypeId(25))
                        Return Type: Array (TypeId(9))
                        Body: ExprId(106)
                    pub fn get_state_hash_at (TypeId(26))
                        Parameters:
                            Felt slot_index (Identifier { id: IdentId(87), location: Location { file_id: FileId(6), start: 402, end: 412 } }, TypeId(26))
                        Return Type: Array (TypeId(9))
                        Body: ExprId(109)
                    pub fn get_other_contract_state_hash_at (TypeId(27))
                        Parameters:
                            Felt contract_state_tree_height (Identifier { id: IdentId(89), location: Location { file_id: FileId(6), start: 513, end: 539 } }, TypeId(27))
                            Felt contract_id (Identifier { id: IdentId(90), location: Location { file_id: FileId(6), start: 547, end: 558 } }, TypeId(27))
                            Felt slot_index (Identifier { id: IdentId(87), location: Location { file_id: FileId(6), start: 566, end: 576 } }, TypeId(27))
                        Return Type: Array (TypeId(9))
                        Body: ExprId(114)
                    pub fn get_other_user_contract_state_hash_at (TypeId(28))
                        Parameters:
                            Felt contract_state_tree_height (Identifier { id: IdentId(89), location: Location { file_id: FileId(6), start: 738, end: 764 } }, TypeId(28))
                            Felt user_id (Identifier { id: IdentId(92), location: Location { file_id: FileId(6), start: 772, end: 779 } }, TypeId(28))
                            Felt contract_id (Identifier { id: IdentId(90), location: Location { file_id: FileId(6), start: 787, end: 798 } }, TypeId(28))
                            Felt slot_index (Identifier { id: IdentId(87), location: Location { file_id: FileId(6), start: 806, end: 816 } }, TypeId(28))
                        Return Type: Array (TypeId(9))
                        Body: ExprId(120)
                    pub fn cset_state_hash_at (TypeId(29))
                        Parameters:
                            Felt slot_index (Identifier { id: IdentId(87), location: Location { file_id: FileId(6), start: 973, end: 983 } }, TypeId(29))
                            Array new_value (Identifier { id: IdentId(94), location: Location { file_id: FileId(6), start: 991, end: 1000 } }, TypeId(29))
                        Return Type: Array (TypeId(9))
                        Body: ExprId(124)
                    pub Felt (TypeId(3))
                    pub Array (TypeId(7))
                    pub CheckedValueRef(RwLock { data: U32(4u32), poisoned: false, .. }) (TypeId(8))
                    pub Array (TypeId(9))
                    pub Array (TypeId(9))
                    pub Array (TypeId(58))
                    pub Array (TypeId(67))
                    pub trait Default (TypeId(31))
                        Body: [DefId(18)]
                        Unchecked Body: [DefId(65)]
                    pub fn transmute (TypeId(10))
                        Parameters:
                            T x (Identifier { id: IdentId(79), location: Location { file_id: FileId(5), start: 23, end: 24 } }, TypeId(10))
                        Return Type: U (TypeId(42))
                        Body: ExprId(2)
                        Generic Parameters: [TypeId(42), TypeId(43)]
                    pub fn size_of (TypeId(11))
                        Return Type: Felt (TypeId(3))
                        Body: ExprId(4)
                        Generic Parameters: [TypeId(44)]
                ScopeId(4) (Module)
                    Types:
                        pub trait Storage (TypeId(15))
                            Body: [DefId(2), DefId(3), DefId(4)]
                            Unchecked Body: [DefId(27), DefId(28), DefId(29)]
                        pub trait StorageAt (TypeId(19))
                            Body: [DefId(6), DefId(7)]
                            Unchecked Body: [DefId(31), DefId(32)]
                            Generic Parameters: [TypeId(45), TypeId(46)]
                        pub Felt (TypeId(3))
                        pub Array (TypeId(7))
                        pub CheckedValueRef(RwLock { data: U32(4u32), poisoned: false, .. }) (TypeId(8))
                        pub Array (TypeId(9))
                        pub Array (TypeId(9))
                        pub trait StorageAt (TypeId(66))
                            Body: [DefId(45), DefId(46)]
                            Unchecked Body: [DefId(31), DefId(32)]
                            Generic Parameters: [TypeId(62), TypeId(63)]
                    ScopeId(5) (Module)
                        Types:
                            pub Felt (TypeId(3))
                            pub Array (TypeId(7))
                            pub CheckedValueRef(RwLock { data: U32(4u32), poisoned: false, .. }) (TypeId(8))
                            pub Array (TypeId(9))
                            pub Array (TypeId(9))
                            pub Array (TypeId(58))
                            pub Array (TypeId(67))
                            pub CheckedValueRef(RwLock { data: U32(2u32), poisoned: false, .. }) (TypeId(73))
                            pub Array (TypeId(74))
                            pub Tuple (TypeId(75))
                                Remaining Tuple([TypeId(74), TypeId(74)])
                            pub Array (TypeId(77))
                            pub Array (TypeId(86))
                            pub CheckedValueRef(RwLock { data: U32(1u32), poisoned: false, .. }) (TypeId(88))
                            pub Array (TypeId(89))
                        ScopeId(9) (Array)
                            Types:
                                pub T (TypeId(5))
                                pub N (TypeId(6))
                    ScopeId(6) (Module)
                        Types:
                            pub fn transmute (TypeId(10))
                                Parameters:
                                    T x (Identifier { id: IdentId(79), location: Location { file_id: FileId(5), start: 23, end: 24 } }, TypeId(10))
                                Return Type: U (TypeId(42))
                                Body: ExprId(2)
                                Generic Parameters: [TypeId(42), TypeId(43)]
                            pub fn size_of (TypeId(11))
                                Return Type: Felt (TypeId(3))
                                Body: ExprId(4)
                                Generic Parameters: [TypeId(44)]
                        ScopeId(10) (Function)
                            Variables:
                                x: T
                            Types:
                                pub U (TypeId(42))
                                pub T (TypeId(43))
                            ScopeId(72) (Block)
                        ScopeId(11) (Function)
                            Types:
                                pub T (TypeId(44))
                            ScopeId(73) (Block)
                    ScopeId(12) (Trait)
                        Types:
                            pub fn size (TypeId(12))
                                Return Type: Felt (TypeId(3))
                            pub fn read (TypeId(13))
                                Parameters:
                                    Felt offset (Identifier { id: IdentId(70), location: Location { file_id: FileId(3), start: 107, end: 113 } }, TypeId(13))
                                Return Type: Self (TypeId(16))
                            pub fn write (TypeId(14))
                                Parameters:
                                    Felt offset (Identifier { id: IdentId(70), location: Location { file_id: FileId(3), start: 147, end: 153 } }, TypeId(14))
                                    Self value (Identifier { id: IdentId(72), location: Location { file_id: FileId(3), start: 161, end: 166 } }, TypeId(14))
                                Return Type: void (TypeId(1))
                            pub Self (TypeId(16))
                        ScopeId(13) (TraitMethod)
                        ScopeId(14) (TraitMethod)
                            Variables:
                                offset: Felt
                        ScopeId(15) (TraitMethod)
                            Variables:
                                offset: Felt
                                value: Self
                    ScopeId(16) (Trait)
                        Types:
                            pub fn read_at (TypeId(17))
                                Parameters:
                                    Felt offset (Identifier { id: IdentId(70), location: Location { file_id: FileId(3), start: 239, end: 245 } }, TypeId(17))
                                    Felt index (Identifier { id: IdentId(75), location: Location { file_id: FileId(3), start: 253, end: 258 } }, TypeId(17))
                                Return Type: T (TypeId(45))
                            pub fn write_at (TypeId(18))
                                Parameters:
                                    Felt offset (Identifier { id: IdentId(70), location: Location { file_id: FileId(3), start: 292, end: 298 } }, TypeId(18))
                                    Felt index (Identifier { id: IdentId(75), location: Location { file_id: FileId(3), start: 306, end: 311 } }, TypeId(18))
                                    T value (Identifier { id: IdentId(72), location: Location { file_id: FileId(3), start: 319, end: 324 } }, TypeId(18))
                                Return Type: void (TypeId(1))
                            pub Self (TypeId(20))
                            pub T (TypeId(45))
                            pub N (TypeId(46))
                        ScopeId(17) (TraitMethod)
                            Variables:
                                offset: Felt
                                index: Felt
                        ScopeId(18) (TraitMethod)
                            Variables:
                                offset: Felt
                                index: Felt
                                value: T
                    ScopeId(38) (Impl)
                        Types:
                            pub Felt (TypeId(3))
                            pub fn size (TypeId(47))
                                Return Type: Felt (TypeId(3))
                                Body: ExprId(6)
                            pub fn read (TypeId(48))
                                Parameters:
                                    Felt offset (Identifier { id: IdentId(70), location: Location { file_id: FileId(3), start: 426, end: 432 } }, TypeId(48))
                                Return Type: Felt (TypeId(3))
                                Body: ExprId(9)
                            pub fn write (TypeId(49))
                                Parameters:
                                    Felt offset (Identifier { id: IdentId(70), location: Location { file_id: FileId(3), start: 505, end: 511 } }, TypeId(49))
                                    Felt value (Identifier { id: IdentId(72), location: Location { file_id: FileId(3), start: 519, end: 524 } }, TypeId(49))
                                Return Type: void (TypeId(1))
                                Body: ExprId(13)
                        ScopeId(39) (TraitMethod)
                            ScopeId(74) (Block)
                        ScopeId(40) (TraitMethod)
                            Variables:
                                offset: Felt
                            ScopeId(75) (Block)
                        ScopeId(41) (TraitMethod)
                            Variables:
                                offset: Felt
                                value: Felt
                            ScopeId(76) (Block)
                    ScopeId(42) (Impl)
                        Types:
                            pub fn size (TypeId(50))
                                Return Type: Felt (TypeId(3))
                                Body: ExprId(15)
                            pub fn read (TypeId(51))
                                Parameters:
                                    Felt offset (Identifier { id: IdentId(70), location: Location { file_id: FileId(3), start: 676, end: 682 } }, TypeId(51))
                                Return Type: bool (TypeId(2))
                                Body: ExprId(19)
                            pub fn write (TypeId(52))
                                Parameters:
                                    Felt offset (Identifier { id: IdentId(70), location: Location { file_id: FileId(3), start: 763, end: 769 } }, TypeId(52))
                                    bool value (Identifier { id: IdentId(72), location: Location { file_id: FileId(3), start: 777, end: 782 } }, TypeId(52))
                                Return Type: void (TypeId(1))
                                Body: ExprId(24)
                        ScopeId(43) (TraitMethod)
                            ScopeId(77) (Block)
                        ScopeId(44) (TraitMethod)
                            Variables:
                                offset: Felt
                            ScopeId(78) (Block)
                        ScopeId(45) (TraitMethod)
                            Variables:
                                offset: Felt
                                value: bool
                            ScopeId(79) (Block)
                    ScopeId(46) (Impl)
                        Types:
                            pub fn size (TypeId(53))
                                Return Type: Felt (TypeId(3))
                                Body: ExprId(26)
                            pub fn read (TypeId(54))
                                Parameters:
                                    Felt offset (Identifier { id: IdentId(70), location: Location { file_id: FileId(3), start: 941, end: 947 } }, TypeId(54))
                                Return Type: u32 (TypeId(4))
                                Body: ExprId(30)
                            pub fn write (TypeId(55))
                                Parameters:
                                    Felt offset (Identifier { id: IdentId(70), location: Location { file_id: FileId(3), start: 1027, end: 1033 } }, TypeId(55))
                                    u32 value (Identifier { id: IdentId(72), location: Location { file_id: FileId(3), start: 1041, end: 1046 } }, TypeId(55))
                                Return Type: void (TypeId(1))
                                Body: ExprId(35)
                        ScopeId(47) (TraitMethod)
                            ScopeId(80) (Block)
                        ScopeId(48) (TraitMethod)
                            Variables:
                                offset: Felt
                            ScopeId(81) (Block)
                        ScopeId(49) (TraitMethod)
                            Variables:
                                offset: Felt
                                value: u32
                            ScopeId(82) (Block)
                    ScopeId(50) (Impl)
                        Types:
                            pub T (TypeId(56))
                            pub N (TypeId(57))
                            pub Array (TypeId(58))
                            pub fn size (TypeId(59))
                                Return Type: Felt (TypeId(3))
                                Body: ExprId(42)
                            pub fn read (TypeId(60))
                                Parameters:
                                    Felt offset (Identifier { id: IdentId(70), location: Location { file_id: FileId(3), start: 1250, end: 1256 } }, TypeId(60))
                                Return Type: Array (TypeId(58))
                                Body: ExprId(56)
                            pub fn write (TypeId(61))
                                Parameters:
                                    Felt offset (Identifier { id: IdentId(70), location: Location { file_id: FileId(3), start: 1376, end: 1382 } }, TypeId(61))
                                    Array value (Identifier { id: IdentId(72), location: Location { file_id: FileId(3), start: 1390, end: 1395 } }, TypeId(61))
                                Return Type: void (TypeId(1))
                                Body: ExprId(62)
                        ScopeId(51) (TraitMethod)
                            ScopeId(83) (Block)
                        ScopeId(52) (TraitMethod)
                            Variables:
                                offset: Felt
                            ScopeId(84) (Block)
                        ScopeId(53) (TraitMethod)
                            Variables:
                                offset: Felt
                                value: Array
                            ScopeId(85) (Block)
                    ScopeId(54) (Impl)
                        Types:
                            pub T (TypeId(62))
                            pub N (TypeId(63))
                            pub Array (TypeId(67))
                            pub fn read_at (TypeId(68))
                                Parameters:
                                    Felt offset (Identifier { id: IdentId(70), location: Location { file_id: FileId(3), start: 1537, end: 1543 } }, TypeId(68))
                                    Felt index (Identifier { id: IdentId(75), location: Location { file_id: FileId(3), start: 1551, end: 1556 } }, TypeId(68))
                                Return Type: T (TypeId(62))
                                Body: ExprId(83)
                            pub fn write_at (TypeId(69))
                                Parameters:
                                    Felt offset (Identifier { id: IdentId(70), location: Location { file_id: FileId(3), start: 1721, end: 1727 } }, TypeId(69))
                                    Felt index (Identifier { id: IdentId(75), location: Location { file_id: FileId(3), start: 1735, end: 1740 } }, TypeId(69))
                                    T value (Identifier { id: IdentId(72), location: Location { file_id: FileId(3), start: 1748, end: 1753 } }, TypeId(69))
                                Return Type: void (TypeId(1))
                                Body: ExprId(96)
                        ScopeId(55) (TraitMethod)
                            Variables:
                                offset: Felt
                                index: Felt
                            ScopeId(86) (Block)
                                Variables:
                                    offset: Felt
                        ScopeId(56) (TraitMethod)
                            Variables:
                                offset: Felt
                                index: Felt
                                value: T
                            ScopeId(87) (Block)
                                Variables:
                                    offset: Felt
                ScopeId(7) (Module)
                    Types:
                        pub fn get_user_id (TypeId(21))
                            Return Type: Felt (TypeId(3))
                            Body: ExprId(98)
                        pub fn get_contract_id (TypeId(22))
                            Return Type: Felt (TypeId(3))
                            Body: ExprId(100)
                        pub fn get_checkpoint_id (TypeId(23))
                            Return Type: Felt (TypeId(3))
                            Body: ExprId(102)
                        pub fn get_last_nonce (TypeId(24))
                            Return Type: Felt (TypeId(3))
                            Body: ExprId(104)
                        pub fn get_user_public_key_hash (TypeId(25))
                            Return Type: Array (TypeId(9))
                            Body: ExprId(106)
                        pub fn get_state_hash_at (TypeId(26))
                            Parameters:
                                Felt slot_index (Identifier { id: IdentId(87), location: Location { file_id: FileId(6), start: 402, end: 412 } }, TypeId(26))
                            Return Type: Array (TypeId(9))
                            Body: ExprId(109)
                        pub fn get_other_contract_state_hash_at (TypeId(27))
                            Parameters:
                                Felt contract_state_tree_height (Identifier { id: IdentId(89), location: Location { file_id: FileId(6), start: 513, end: 539 } }, TypeId(27))
                                Felt contract_id (Identifier { id: IdentId(90), location: Location { file_id: FileId(6), start: 547, end: 558 } }, TypeId(27))
                                Felt slot_index (Identifier { id: IdentId(87), location: Location { file_id: FileId(6), start: 566, end: 576 } }, TypeId(27))
                            Return Type: Array (TypeId(9))
                            Body: ExprId(114)
                        pub fn get_other_user_contract_state_hash_at (TypeId(28))
                            Parameters:
                                Felt contract_state_tree_height (Identifier { id: IdentId(89), location: Location { file_id: FileId(6), start: 738, end: 764 } }, TypeId(28))
                                Felt user_id (Identifier { id: IdentId(92), location: Location { file_id: FileId(6), start: 772, end: 779 } }, TypeId(28))
                                Felt contract_id (Identifier { id: IdentId(90), location: Location { file_id: FileId(6), start: 787, end: 798 } }, TypeId(28))
                                Felt slot_index (Identifier { id: IdentId(87), location: Location { file_id: FileId(6), start: 806, end: 816 } }, TypeId(28))
                            Return Type: Array (TypeId(9))
                            Body: ExprId(120)
                        pub fn cset_state_hash_at (TypeId(29))
                            Parameters:
                                Felt slot_index (Identifier { id: IdentId(87), location: Location { file_id: FileId(6), start: 973, end: 983 } }, TypeId(29))
                                Array new_value (Identifier { id: IdentId(94), location: Location { file_id: FileId(6), start: 991, end: 1000 } }, TypeId(29))
                            Return Type: Array (TypeId(9))
                            Body: ExprId(124)
                        pub Felt (TypeId(3))
                        pub Array (TypeId(7))
                        pub CheckedValueRef(RwLock { data: U32(4u32), poisoned: false, .. }) (TypeId(8))
                        pub Array (TypeId(9))
                        pub Array (TypeId(9))
                        pub Array (TypeId(58))
                        pub Array (TypeId(67))
                    ScopeId(5) (Module)
                        Types:
                            pub Felt (TypeId(3))
                            pub Array (TypeId(7))
                            pub CheckedValueRef(RwLock { data: U32(4u32), poisoned: false, .. }) (TypeId(8))
                            pub Array (TypeId(9))
                            pub Array (TypeId(9))
                            pub Array (TypeId(58))
                            pub Array (TypeId(67))
                            pub CheckedValueRef(RwLock { data: U32(2u32), poisoned: false, .. }) (TypeId(73))
                            pub Array (TypeId(74))
                            pub Tuple (TypeId(75))
                                Remaining Tuple([TypeId(74), TypeId(74)])
                            pub Array (TypeId(77))
                            pub Array (TypeId(86))
                            pub CheckedValueRef(RwLock { data: U32(1u32), poisoned: false, .. }) (TypeId(88))
                            pub Array (TypeId(89))
                        ScopeId(9) (Array)
                            Types:
                                pub T (TypeId(5))
                                pub N (TypeId(6))
                    ScopeId(19) (Function)
                        ScopeId(88) (Block)
                    ScopeId(20) (Function)
                        ScopeId(89) (Block)
                    ScopeId(21) (Function)
                        ScopeId(90) (Block)
                    ScopeId(22) (Function)
                        ScopeId(91) (Block)
                    ScopeId(23) (Function)
                        ScopeId(92) (Block)
                    ScopeId(24) (Function)
                        Variables:
                            slot_index: Felt
                        ScopeId(93) (Block)
                    ScopeId(25) (Function)
                        Variables:
                            contract_state_tree_height: Felt
                            contract_id: Felt
                            slot_index: Felt
                        ScopeId(94) (Block)
                    ScopeId(26) (Function)
                        Variables:
                            contract_state_tree_height: Felt
                            user_id: Felt
                            contract_id: Felt
                            slot_index: Felt
                        ScopeId(95) (Block)
                    ScopeId(27) (Function)
                        Variables:
                            slot_index: Felt
                            new_value: Array
                        ScopeId(96) (Block)
                ScopeId(5) (Module)
                    Types:
                        pub Felt (TypeId(3))
                        pub Array (TypeId(7))
                        pub CheckedValueRef(RwLock { data: U32(4u32), poisoned: false, .. }) (TypeId(8))
                        pub Array (TypeId(9))
                        pub Array (TypeId(9))
                        pub Array (TypeId(58))
                        pub Array (TypeId(67))
                        pub CheckedValueRef(RwLock { data: U32(2u32), poisoned: false, .. }) (TypeId(73))
                        pub Array (TypeId(74))
                        pub Tuple (TypeId(75))
                            Remaining Tuple([TypeId(74), TypeId(74)])
                        pub Array (TypeId(77))
                        pub Array (TypeId(86))
                        pub CheckedValueRef(RwLock { data: U32(1u32), poisoned: false, .. }) (TypeId(88))
                        pub Array (TypeId(89))
                    ScopeId(9) (Array)
                        Types:
                            pub T (TypeId(5))
                            pub N (TypeId(6))
                ScopeId(8) (Module)
                    Types:
                        pub trait Default (TypeId(31))
                            Body: [DefId(18)]
                            Unchecked Body: [DefId(65)]
                    ScopeId(28) (Trait)
                        Types:
                            pub fn default (TypeId(30))
                                Return Type: Self (TypeId(32))
                            pub Self (TypeId(32))
                        ScopeId(29) (TraitMethod)
                    ScopeId(57) (Impl)
                        Types:
                            pub Felt (TypeId(3))
                            pub fn default (TypeId(70))
                                Return Type: Felt (TypeId(3))
                                Body: ExprId(126)
                        ScopeId(58) (TraitMethod)
                            ScopeId(97) (Block)
                    ScopeId(59) (Impl)
                        Types:
                            pub fn default (TypeId(71))
                                Return Type: bool (TypeId(2))
                                Body: ExprId(128)
                        ScopeId(60) (TraitMethod)
                            ScopeId(98) (Block)
                    ScopeId(61) (Impl)
                        Types:
                            pub fn default (TypeId(72))
                                Return Type: u32 (TypeId(4))
                                Body: ExprId(130)
                        ScopeId(62) (TraitMethod)
                            ScopeId(99) (Block)
                ScopeId(6) (Module)
                    Types:
                        pub fn transmute (TypeId(10))
                            Parameters:
                                T x (Identifier { id: IdentId(79), location: Location { file_id: FileId(5), start: 23, end: 24 } }, TypeId(10))
                            Return Type: U (TypeId(42))
                            Body: ExprId(2)
                            Generic Parameters: [TypeId(42), TypeId(43)]
                        pub fn size_of (TypeId(11))
                            Return Type: Felt (TypeId(3))
                            Body: ExprId(4)
                            Generic Parameters: [TypeId(44)]
                    ScopeId(10) (Function)
                        Variables:
                            x: T
                        Types:
                            pub U (TypeId(42))
                            pub T (TypeId(43))
                        ScopeId(72) (Block)
                    ScopeId(11) (Function)
                        Types:
                            pub T (TypeId(44))
                        ScopeId(73) (Block)
        ScopeId(30) (Function)
            Variables:
                a: Felt
                b: Felt
            ScopeId(100) (Block)
        ScopeId(31) (Function)
            Variables:
                a: Felt
                b: Felt
            ScopeId(101) (Block)
    ScopeId(2) (Module)
        ScopeId(3) (Module)
            Types:
                pub trait Storage (TypeId(15))
                    Body: [DefId(2), DefId(3), DefId(4)]
                    Unchecked Body: [DefId(27), DefId(28), DefId(29)]
                pub trait StorageAt (TypeId(19))
                    Body: [DefId(6), DefId(7)]
                    Unchecked Body: [DefId(31), DefId(32)]
                    Generic Parameters: [TypeId(45), TypeId(46)]
                pub trait StorageAt (TypeId(66))
                    Body: [DefId(45), DefId(46)]
                    Unchecked Body: [DefId(31), DefId(32)]
                    Generic Parameters: [TypeId(62), TypeId(63)]
                pub fn get_user_id (TypeId(21))
                    Return Type: Felt (TypeId(3))
                    Body: ExprId(98)
                pub fn get_contract_id (TypeId(22))
                    Return Type: Felt (TypeId(3))
                    Body: ExprId(100)
                pub fn get_checkpoint_id (TypeId(23))
                    Return Type: Felt (TypeId(3))
                    Body: ExprId(102)
                pub fn get_last_nonce (TypeId(24))
                    Return Type: Felt (TypeId(3))
                    Body: ExprId(104)
                pub fn get_user_public_key_hash (TypeId(25))
                    Return Type: Array (TypeId(9))
                    Body: ExprId(106)
                pub fn get_state_hash_at (TypeId(26))
                    Parameters:
                        Felt slot_index (Identifier { id: IdentId(87), location: Location { file_id: FileId(6), start: 402, end: 412 } }, TypeId(26))
                    Return Type: Array (TypeId(9))
                    Body: ExprId(109)
                pub fn get_other_contract_state_hash_at (TypeId(27))
                    Parameters:
                        Felt contract_state_tree_height (Identifier { id: IdentId(89), location: Location { file_id: FileId(6), start: 513, end: 539 } }, TypeId(27))
                        Felt contract_id (Identifier { id: IdentId(90), location: Location { file_id: FileId(6), start: 547, end: 558 } }, TypeId(27))
                        Felt slot_index (Identifier { id: IdentId(87), location: Location { file_id: FileId(6), start: 566, end: 576 } }, TypeId(27))
                    Return Type: Array (TypeId(9))
                    Body: ExprId(114)
                pub fn get_other_user_contract_state_hash_at (TypeId(28))
                    Parameters:
                        Felt contract_state_tree_height (Identifier { id: IdentId(89), location: Location { file_id: FileId(6), start: 738, end: 764 } }, TypeId(28))
                        Felt user_id (Identifier { id: IdentId(92), location: Location { file_id: FileId(6), start: 772, end: 779 } }, TypeId(28))
                        Felt contract_id (Identifier { id: IdentId(90), location: Location { file_id: FileId(6), start: 787, end: 798 } }, TypeId(28))
                        Felt slot_index (Identifier { id: IdentId(87), location: Location { file_id: FileId(6), start: 806, end: 816 } }, TypeId(28))
                    Return Type: Array (TypeId(9))
                    Body: ExprId(120)
                pub fn cset_state_hash_at (TypeId(29))
                    Parameters:
                        Felt slot_index (Identifier { id: IdentId(87), location: Location { file_id: FileId(6), start: 973, end: 983 } }, TypeId(29))
                        Array new_value (Identifier { id: IdentId(94), location: Location { file_id: FileId(6), start: 991, end: 1000 } }, TypeId(29))
                    Return Type: Array (TypeId(9))
                    Body: ExprId(124)
                pub Felt (TypeId(3))
                pub Array (TypeId(7))
                pub CheckedValueRef(RwLock { data: U32(4u32), poisoned: false, .. }) (TypeId(8))
                pub Array (TypeId(9))
                pub Array (TypeId(9))
                pub Array (TypeId(58))
                pub Array (TypeId(67))
                pub trait Default (TypeId(31))
                    Body: [DefId(18)]
                    Unchecked Body: [DefId(65)]
                pub fn transmute (TypeId(10))
                    Parameters:
                        T x (Identifier { id: IdentId(79), location: Location { file_id: FileId(5), start: 23, end: 24 } }, TypeId(10))
                    Return Type: U (TypeId(42))
                    Body: ExprId(2)
                    Generic Parameters: [TypeId(42), TypeId(43)]
                pub fn size_of (TypeId(11))
                    Return Type: Felt (TypeId(3))
                    Body: ExprId(4)
                    Generic Parameters: [TypeId(44)]
            ScopeId(4) (Module)
                Types:
                    pub trait Storage (TypeId(15))
                        Body: [DefId(2), DefId(3), DefId(4)]
                        Unchecked Body: [DefId(27), DefId(28), DefId(29)]
                    pub trait StorageAt (TypeId(19))
                        Body: [DefId(6), DefId(7)]
                        Unchecked Body: [DefId(31), DefId(32)]
                        Generic Parameters: [TypeId(45), TypeId(46)]
                    pub Felt (TypeId(3))
                    pub Array (TypeId(7))
                    pub CheckedValueRef(RwLock { data: U32(4u32), poisoned: false, .. }) (TypeId(8))
                    pub Array (TypeId(9))
                    pub Array (TypeId(9))
                    pub trait StorageAt (TypeId(66))
                        Body: [DefId(45), DefId(46)]
                        Unchecked Body: [DefId(31), DefId(32)]
                        Generic Parameters: [TypeId(62), TypeId(63)]
                ScopeId(5) (Module)
                    Types:
                        pub Felt (TypeId(3))
                        pub Array (TypeId(7))
                        pub CheckedValueRef(RwLock { data: U32(4u32), poisoned: false, .. }) (TypeId(8))
                        pub Array (TypeId(9))
                        pub Array (TypeId(9))
                        pub Array (TypeId(58))
                        pub Array (TypeId(67))
                        pub CheckedValueRef(RwLock { data: U32(2u32), poisoned: false, .. }) (TypeId(73))
                        pub Array (TypeId(74))
                        pub Tuple (TypeId(75))
                            Remaining Tuple([TypeId(74), TypeId(74)])
                        pub Array (TypeId(77))
                        pub Array (TypeId(86))
                        pub CheckedValueRef(RwLock { data: U32(1u32), poisoned: false, .. }) (TypeId(88))
                        pub Array (TypeId(89))
                    ScopeId(9) (Array)
                        Types:
                            pub T (TypeId(5))
                            pub N (TypeId(6))
                ScopeId(6) (Module)
                    Types:
                        pub fn transmute (TypeId(10))
                            Parameters:
                                T x (Identifier { id: IdentId(79), location: Location { file_id: FileId(5), start: 23, end: 24 } }, TypeId(10))
                            Return Type: U (TypeId(42))
                            Body: ExprId(2)
                            Generic Parameters: [TypeId(42), TypeId(43)]
                        pub fn size_of (TypeId(11))
                            Return Type: Felt (TypeId(3))
                            Body: ExprId(4)
                            Generic Parameters: [TypeId(44)]
                    ScopeId(10) (Function)
                        Variables:
                            x: T
                        Types:
                            pub U (TypeId(42))
                            pub T (TypeId(43))
                        ScopeId(72) (Block)
                    ScopeId(11) (Function)
                        Types:
                            pub T (TypeId(44))
                        ScopeId(73) (Block)
                ScopeId(12) (Trait)
                    Types:
                        pub fn size (TypeId(12))
                            Return Type: Felt (TypeId(3))
                        pub fn read (TypeId(13))
                            Parameters:
                                Felt offset (Identifier { id: IdentId(70), location: Location { file_id: FileId(3), start: 107, end: 113 } }, TypeId(13))
                            Return Type: Self (TypeId(16))
                        pub fn write (TypeId(14))
                            Parameters:
                                Felt offset (Identifier { id: IdentId(70), location: Location { file_id: FileId(3), start: 147, end: 153 } }, TypeId(14))
                                Self value (Identifier { id: IdentId(72), location: Location { file_id: FileId(3), start: 161, end: 166 } }, TypeId(14))
                            Return Type: void (TypeId(1))
                        pub Self (TypeId(16))
                    ScopeId(13) (TraitMethod)
                    ScopeId(14) (TraitMethod)
                        Variables:
                            offset: Felt
                    ScopeId(15) (TraitMethod)
                        Variables:
                            offset: Felt
                            value: Self
                ScopeId(16) (Trait)
                    Types:
                        pub fn read_at (TypeId(17))
                            Parameters:
                                Felt offset (Identifier { id: IdentId(70), location: Location { file_id: FileId(3), start: 239, end: 245 } }, TypeId(17))
                                Felt index (Identifier { id: IdentId(75), location: Location { file_id: FileId(3), start: 253, end: 258 } }, TypeId(17))
                            Return Type: T (TypeId(45))
                        pub fn write_at (TypeId(18))
                            Parameters:
                                Felt offset (Identifier { id: IdentId(70), location: Location { file_id: FileId(3), start: 292, end: 298 } }, TypeId(18))
                                Felt index (Identifier { id: IdentId(75), location: Location { file_id: FileId(3), start: 306, end: 311 } }, TypeId(18))
                                T value (Identifier { id: IdentId(72), location: Location { file_id: FileId(3), start: 319, end: 324 } }, TypeId(18))
                            Return Type: void (TypeId(1))
                        pub Self (TypeId(20))
                        pub T (TypeId(45))
                        pub N (TypeId(46))
                    ScopeId(17) (TraitMethod)
                        Variables:
                            offset: Felt
                            index: Felt
                    ScopeId(18) (TraitMethod)
                        Variables:
                            offset: Felt
                            index: Felt
                            value: T
                ScopeId(38) (Impl)
                    Types:
                        pub Felt (TypeId(3))
                        pub fn size (TypeId(47))
                            Return Type: Felt (TypeId(3))
                            Body: ExprId(6)
                        pub fn read (TypeId(48))
                            Parameters:
                                Felt offset (Identifier { id: IdentId(70), location: Location { file_id: FileId(3), start: 426, end: 432 } }, TypeId(48))
                            Return Type: Felt (TypeId(3))
                            Body: ExprId(9)
                        pub fn write (TypeId(49))
                            Parameters:
                                Felt offset (Identifier { id: IdentId(70), location: Location { file_id: FileId(3), start: 505, end: 511 } }, TypeId(49))
                                Felt value (Identifier { id: IdentId(72), location: Location { file_id: FileId(3), start: 519, end: 524 } }, TypeId(49))
                            Return Type: void (TypeId(1))
                            Body: ExprId(13)
                    ScopeId(39) (TraitMethod)
                        ScopeId(74) (Block)
                    ScopeId(40) (TraitMethod)
                        Variables:
                            offset: Felt
                        ScopeId(75) (Block)
                    ScopeId(41) (TraitMethod)
                        Variables:
                            offset: Felt
                            value: Felt
                        ScopeId(76) (Block)
                ScopeId(42) (Impl)
                    Types:
                        pub fn size (TypeId(50))
                            Return Type: Felt (TypeId(3))
                            Body: ExprId(15)
                        pub fn read (TypeId(51))
                            Parameters:
                                Felt offset (Identifier { id: IdentId(70), location: Location { file_id: FileId(3), start: 676, end: 682 } }, TypeId(51))
                            Return Type: bool (TypeId(2))
                            Body: ExprId(19)
                        pub fn write (TypeId(52))
                            Parameters:
                                Felt offset (Identifier { id: IdentId(70), location: Location { file_id: FileId(3), start: 763, end: 769 } }, TypeId(52))
                                bool value (Identifier { id: IdentId(72), location: Location { file_id: FileId(3), start: 777, end: 782 } }, TypeId(52))
                            Return Type: void (TypeId(1))
                            Body: ExprId(24)
                    ScopeId(43) (TraitMethod)
                        ScopeId(77) (Block)
                    ScopeId(44) (TraitMethod)
                        Variables:
                            offset: Felt
                        ScopeId(78) (Block)
                    ScopeId(45) (TraitMethod)
                        Variables:
                            offset: Felt
                            value: bool
                        ScopeId(79) (Block)
                ScopeId(46) (Impl)
                    Types:
                        pub fn size (TypeId(53))
                            Return Type: Felt (TypeId(3))
                            Body: ExprId(26)
                        pub fn read (TypeId(54))
                            Parameters:
                                Felt offset (Identifier { id: IdentId(70), location: Location { file_id: FileId(3), start: 941, end: 947 } }, TypeId(54))
                            Return Type: u32 (TypeId(4))
                            Body: ExprId(30)
                        pub fn write (TypeId(55))
                            Parameters:
                                Felt offset (Identifier { id: IdentId(70), location: Location { file_id: FileId(3), start: 1027, end: 1033 } }, TypeId(55))
                                u32 value (Identifier { id: IdentId(72), location: Location { file_id: FileId(3), start: 1041, end: 1046 } }, TypeId(55))
                            Return Type: void (TypeId(1))
                            Body: ExprId(35)
                    ScopeId(47) (TraitMethod)
                        ScopeId(80) (Block)
                    ScopeId(48) (TraitMethod)
                        Variables:
                            offset: Felt
                        ScopeId(81) (Block)
                    ScopeId(49) (TraitMethod)
                        Variables:
                            offset: Felt
                            value: u32
                        ScopeId(82) (Block)
                ScopeId(50) (Impl)
                    Types:
                        pub T (TypeId(56))
                        pub N (TypeId(57))
                        pub Array (TypeId(58))
                        pub fn size (TypeId(59))
                            Return Type: Felt (TypeId(3))
                            Body: ExprId(42)
                        pub fn read (TypeId(60))
                            Parameters:
                                Felt offset (Identifier { id: IdentId(70), location: Location { file_id: FileId(3), start: 1250, end: 1256 } }, TypeId(60))
                            Return Type: Array (TypeId(58))
                            Body: ExprId(56)
                        pub fn write (TypeId(61))
                            Parameters:
                                Felt offset (Identifier { id: IdentId(70), location: Location { file_id: FileId(3), start: 1376, end: 1382 } }, TypeId(61))
                                Array value (Identifier { id: IdentId(72), location: Location { file_id: FileId(3), start: 1390, end: 1395 } }, TypeId(61))
                            Return Type: void (TypeId(1))
                            Body: ExprId(62)
                    ScopeId(51) (TraitMethod)
                        ScopeId(83) (Block)
                    ScopeId(52) (TraitMethod)
                        Variables:
                            offset: Felt
                        ScopeId(84) (Block)
                    ScopeId(53) (TraitMethod)
                        Variables:
                            offset: Felt
                            value: Array
                        ScopeId(85) (Block)
                ScopeId(54) (Impl)
                    Types:
                        pub T (TypeId(62))
                        pub N (TypeId(63))
                        pub Array (TypeId(67))
                        pub fn read_at (TypeId(68))
                            Parameters:
                                Felt offset (Identifier { id: IdentId(70), location: Location { file_id: FileId(3), start: 1537, end: 1543 } }, TypeId(68))
                                Felt index (Identifier { id: IdentId(75), location: Location { file_id: FileId(3), start: 1551, end: 1556 } }, TypeId(68))
                            Return Type: T (TypeId(62))
                            Body: ExprId(83)
                        pub fn write_at (TypeId(69))
                            Parameters:
                                Felt offset (Identifier { id: IdentId(70), location: Location { file_id: FileId(3), start: 1721, end: 1727 } }, TypeId(69))
                                Felt index (Identifier { id: IdentId(75), location: Location { file_id: FileId(3), start: 1735, end: 1740 } }, TypeId(69))
                                T value (Identifier { id: IdentId(72), location: Location { file_id: FileId(3), start: 1748, end: 1753 } }, TypeId(69))
                            Return Type: void (TypeId(1))
                            Body: ExprId(96)
                    ScopeId(55) (TraitMethod)
                        Variables:
                            offset: Felt
                            index: Felt
                        ScopeId(86) (Block)
                            Variables:
                                offset: Felt
                    ScopeId(56) (TraitMethod)
                        Variables:
                            offset: Felt
                            index: Felt
                            value: T
                        ScopeId(87) (Block)
                            Variables:
                                offset: Felt
            ScopeId(7) (Module)
                Types:
                    pub fn get_user_id (TypeId(21))
                        Return Type: Felt (TypeId(3))
                        Body: ExprId(98)
                    pub fn get_contract_id (TypeId(22))
                        Return Type: Felt (TypeId(3))
                        Body: ExprId(100)
                    pub fn get_checkpoint_id (TypeId(23))
                        Return Type: Felt (TypeId(3))
                        Body: ExprId(102)
                    pub fn get_last_nonce (TypeId(24))
                        Return Type: Felt (TypeId(3))
                        Body: ExprId(104)
                    pub fn get_user_public_key_hash (TypeId(25))
                        Return Type: Array (TypeId(9))
                        Body: ExprId(106)
                    pub fn get_state_hash_at (TypeId(26))
                        Parameters:
                            Felt slot_index (Identifier { id: IdentId(87), location: Location { file_id: FileId(6), start: 402, end: 412 } }, TypeId(26))
                        Return Type: Array (TypeId(9))
                        Body: ExprId(109)
                    pub fn get_other_contract_state_hash_at (TypeId(27))
                        Parameters:
                            Felt contract_state_tree_height (Identifier { id: IdentId(89), location: Location { file_id: FileId(6), start: 513, end: 539 } }, TypeId(27))
                            Felt contract_id (Identifier { id: IdentId(90), location: Location { file_id: FileId(6), start: 547, end: 558 } }, TypeId(27))
                            Felt slot_index (Identifier { id: IdentId(87), location: Location { file_id: FileId(6), start: 566, end: 576 } }, TypeId(27))
                        Return Type: Array (TypeId(9))
                        Body: ExprId(114)
                    pub fn get_other_user_contract_state_hash_at (TypeId(28))
                        Parameters:
                            Felt contract_state_tree_height (Identifier { id: IdentId(89), location: Location { file_id: FileId(6), start: 738, end: 764 } }, TypeId(28))
                            Felt user_id (Identifier { id: IdentId(92), location: Location { file_id: FileId(6), start: 772, end: 779 } }, TypeId(28))
                            Felt contract_id (Identifier { id: IdentId(90), location: Location { file_id: FileId(6), start: 787, end: 798 } }, TypeId(28))
                            Felt slot_index (Identifier { id: IdentId(87), location: Location { file_id: FileId(6), start: 806, end: 816 } }, TypeId(28))
                        Return Type: Array (TypeId(9))
                        Body: ExprId(120)
                    pub fn cset_state_hash_at (TypeId(29))
                        Parameters:
                            Felt slot_index (Identifier { id: IdentId(87), location: Location { file_id: FileId(6), start: 973, end: 983 } }, TypeId(29))
                            Array new_value (Identifier { id: IdentId(94), location: Location { file_id: FileId(6), start: 991, end: 1000 } }, TypeId(29))
                        Return Type: Array (TypeId(9))
                        Body: ExprId(124)
                    pub Felt (TypeId(3))
                    pub Array (TypeId(7))
                    pub CheckedValueRef(RwLock { data: U32(4u32), poisoned: false, .. }) (TypeId(8))
                    pub Array (TypeId(9))
                    pub Array (TypeId(9))
                    pub Array (TypeId(58))
                    pub Array (TypeId(67))
                ScopeId(5) (Module)
                    Types:
                        pub Felt (TypeId(3))
                        pub Array (TypeId(7))
                        pub CheckedValueRef(RwLock { data: U32(4u32), poisoned: false, .. }) (TypeId(8))
                        pub Array (TypeId(9))
                        pub Array (TypeId(9))
                        pub Array (TypeId(58))
                        pub Array (TypeId(67))
                        pub CheckedValueRef(RwLock { data: U32(2u32), poisoned: false, .. }) (TypeId(73))
                        pub Array (TypeId(74))
                        pub Tuple (TypeId(75))
                            Remaining Tuple([TypeId(74), TypeId(74)])
                        pub Array (TypeId(77))
                        pub Array (TypeId(86))
                        pub CheckedValueRef(RwLock { data: U32(1u32), poisoned: false, .. }) (TypeId(88))
                        pub Array (TypeId(89))
                    ScopeId(9) (Array)
                        Types:
                            pub T (TypeId(5))
                            pub N (TypeId(6))
                ScopeId(19) (Function)
                    ScopeId(88) (Block)
                ScopeId(20) (Function)
                    ScopeId(89) (Block)
                ScopeId(21) (Function)
                    ScopeId(90) (Block)
                ScopeId(22) (Function)
                    ScopeId(91) (Block)
                ScopeId(23) (Function)
                    ScopeId(92) (Block)
                ScopeId(24) (Function)
                    Variables:
                        slot_index: Felt
                    ScopeId(93) (Block)
                ScopeId(25) (Function)
                    Variables:
                        contract_state_tree_height: Felt
                        contract_id: Felt
                        slot_index: Felt
                    ScopeId(94) (Block)
                ScopeId(26) (Function)
                    Variables:
                        contract_state_tree_height: Felt
                        user_id: Felt
                        contract_id: Felt
                        slot_index: Felt
                    ScopeId(95) (Block)
                ScopeId(27) (Function)
                    Variables:
                        slot_index: Felt
                        new_value: Array
                    ScopeId(96) (Block)
            ScopeId(5) (Module)
                Types:
                    pub Felt (TypeId(3))
                    pub Array (TypeId(7))
                    pub CheckedValueRef(RwLock { data: U32(4u32), poisoned: false, .. }) (TypeId(8))
                    pub Array (TypeId(9))
                    pub Array (TypeId(9))
                    pub Array (TypeId(58))
                    pub Array (TypeId(67))
                    pub CheckedValueRef(RwLock { data: U32(2u32), poisoned: false, .. }) (TypeId(73))
                    pub Array (TypeId(74))
                    pub Tuple (TypeId(75))
                        Remaining Tuple([TypeId(74), TypeId(74)])
                    pub Array (TypeId(77))
                    pub Array (TypeId(86))
                    pub CheckedValueRef(RwLock { data: U32(1u32), poisoned: false, .. }) (TypeId(88))
                    pub Array (TypeId(89))
                ScopeId(9) (Array)
                    Types:
                        pub T (TypeId(5))
                        pub N (TypeId(6))
            ScopeId(8) (Module)
                Types:
                    pub trait Default (TypeId(31))
                        Body: [DefId(18)]
                        Unchecked Body: [DefId(65)]
                ScopeId(28) (Trait)
                    Types:
                        pub fn default (TypeId(30))
                            Return Type: Self (TypeId(32))
                        pub Self (TypeId(32))
                    ScopeId(29) (TraitMethod)
                ScopeId(57) (Impl)
                    Types:
                        pub Felt (TypeId(3))
                        pub fn default (TypeId(70))
                            Return Type: Felt (TypeId(3))
                            Body: ExprId(126)
                    ScopeId(58) (TraitMethod)
                        ScopeId(97) (Block)
                ScopeId(59) (Impl)
                    Types:
                        pub fn default (TypeId(71))
                            Return Type: bool (TypeId(2))
                            Body: ExprId(128)
                    ScopeId(60) (TraitMethod)
                        ScopeId(98) (Block)
                ScopeId(61) (Impl)
                    Types:
                        pub fn default (TypeId(72))
                            Return Type: u32 (TypeId(4))
                            Body: ExprId(130)
                    ScopeId(62) (TraitMethod)
                        ScopeId(99) (Block)
            ScopeId(6) (Module)
                Types:
                    pub fn transmute (TypeId(10))
                        Parameters:
                            T x (Identifier { id: IdentId(79), location: Location { file_id: FileId(5), start: 23, end: 24 } }, TypeId(10))
                        Return Type: U (TypeId(42))
                        Body: ExprId(2)
                        Generic Parameters: [TypeId(42), TypeId(43)]
                    pub fn size_of (TypeId(11))
                        Return Type: Felt (TypeId(3))
                        Body: ExprId(4)
                        Generic Parameters: [TypeId(44)]
                ScopeId(10) (Function)
                    Variables:
                        x: T
                    Types:
                        pub U (TypeId(42))
                        pub T (TypeId(43))
                    ScopeId(72) (Block)
                ScopeId(11) (Function)
                    Types:
                        pub T (TypeId(44))
                    ScopeId(73) (Block)
    ScopeId(32) (Trait)
        Types:
            pub fn age (TypeId(35))
                Parameters:
                    Self self (Identifier { id: IdentId(9), location: Location { file_id: FileId(0), start: 292, end: 296 } }, TypeId(35))
                Return Type: Felt (TypeId(3))
            pub Self (TypeId(37))
        ScopeId(33) (TraitMethod)
            Variables:
                self: Self
    ScopeId(34) (Struct)
    ScopeId(35) (Struct)
    ScopeId(36) (Struct)
    ScopeId(37) (Function)
        ScopeId(109) (Block)
            Variables:
                a: Felt
                b: Felt
                c: Felt
                mut d: Array
                e: Felt
                t: bool
                f: bool
                t_eq_f: bool
                t_neq_f: bool
                r: bool
                min_a_b: Felt
                max2_a_b: Felt
                person: Person
                mut persons: Array
                family: Family
                age: Felt
                age_via_trait: Felt
                height: Felt
                year_of_birth: Felt
            Types:
                fn max_2 (TypeId(87))
                    Parameters:
                        Felt a (Identifier { id: IdentId(24), location: Location { file_id: FileId(0), start: 1689, end: 1690 } }, TypeId(72))
                        Felt b (Identifier { id: IdentId(25), location: Location { file_id: FileId(0), start: 1698, end: 1699 } }, TypeId(72))
                    Return Type: Felt (TypeId(3))
                    Body: ExprId(257)
            ScopeId(110) (Function)
                Variables:
                    a: Felt
                    b: Felt
                ScopeId(111) (Block)
    ScopeId(63) (Impl)
        Types:
            struct Person (TypeId(38))
                Fields:
                    pub Tuple age_height (Identifier { id: IdentId(30), location: Location { file_id: FileId(0), start: 340, end: 350 } }, TypeId(38))
                    pub Felt year_of_birth (Identifier { id: IdentId(31), location: Location { file_id: FileId(0), start: 384, end: 397 } }, TypeId(38))
            pub fn age (TypeId(76))
                Parameters:
                    Person self (Identifier { id: IdentId(9), location: Location { file_id: FileId(0), start: 452, end: 456 } }, TypeId(76))
                Return Type: Felt (TypeId(3))
                Body: ExprId(164)
        ScopeId(64) (TraitMethod)
            Variables:
                self: Person
            ScopeId(102) (Block)
    ScopeId(65) (Impl)
        Types:
            struct Person (TypeId(38))
                Fields:
                    pub Tuple age_height (Identifier { id: IdentId(30), location: Location { file_id: FileId(0), start: 340, end: 350 } }, TypeId(38))
                    pub Felt year_of_birth (Identifier { id: IdentId(31), location: Location { file_id: FileId(0), start: 384, end: 397 } }, TypeId(38))
            pub fn set_age (TypeId(78))
                Parameters:
                    mut Person self (Identifier { id: IdentId(9), location: Location { file_id: FileId(0), start: 649, end: 653 } }, TypeId(78))
                    Felt new_age (Identifier { id: IdentId(37), location: Location { file_id: FileId(0), start: 663, end: 670 } }, TypeId(78))
                Return Type: void (TypeId(1))
                Body: ExprId(171)
            pub fn get_age (TypeId(79))
                Parameters:
                    Person self (Identifier { id: IdentId(9), location: Location { file_id: FileId(0), start: 745, end: 749 } }, TypeId(79))
                Return Type: Felt (TypeId(3))
                Body: ExprId(177)
            pub fn set_height (TypeId(80))
                Parameters:
                    mut Person self (Identifier { id: IdentId(9), location: Location { file_id: FileId(0), start: 838, end: 842 } }, TypeId(80))
                    Felt new_height (Identifier { id: IdentId(40), location: Location { file_id: FileId(0), start: 852, end: 862 } }, TypeId(80))
                Return Type: void (TypeId(1))
                Body: ExprId(184)
            pub fn get_height (TypeId(81))
                Parameters:
                    Person self (Identifier { id: IdentId(9), location: Location { file_id: FileId(0), start: 943, end: 947 } }, TypeId(81))
                Return Type: Felt (TypeId(3))
                Body: ExprId(190)
            pub fn get_year_of_birth (TypeId(82))
                Parameters:
                    Person self (Identifier { id: IdentId(9), location: Location { file_id: FileId(0), start: 1039, end: 1043 } }, TypeId(82))
                Return Type: Felt (TypeId(3))
                Body: ExprId(193)
            pub fn set_year_of_birth (TypeId(83))
                Parameters:
                    mut Person self (Identifier { id: IdentId(9), location: Location { file_id: FileId(0), start: 1137, end: 1141 } }, TypeId(83))
                    Felt new_year_of_birth (Identifier { id: IdentId(44), location: Location { file_id: FileId(0), start: 1151, end: 1168 } }, TypeId(83))
                Return Type: void (TypeId(1))
                Body: ExprId(197)
        ScopeId(66) (ImplMethod)
            Variables:
                mut self: Person
                new_age: Felt
            ScopeId(103) (Block)
        ScopeId(67) (ImplMethod)
            Variables:
                self: Person
            ScopeId(104) (Block)
        ScopeId(68) (ImplMethod)
            Variables:
                mut self: Person
                new_height: Felt
            ScopeId(105) (Block)
        ScopeId(69) (ImplMethod)
            Variables:
                self: Person
            ScopeId(106) (Block)
        ScopeId(70) (ImplMethod)
            Variables:
                self: Person
            ScopeId(107) (Block)
        ScopeId(71) (ImplMethod)
            Variables:
                mut self: Person
                new_year_of_birth: Felt
            ScopeId(108) (Block)
