---
source: qed_compiler/qed-interpreter/src/lib.rs
expression: "ctx.debug_scope(ScopeId::root())"
input_file: qed_compiler/tests/fn_test.qed
---
ScopeId(0) (Module)
    Types:
        fn add (TypeId(35))
            Parameters:
                Felt a (Identifier { id: IdentId(23), location: Location { file_id: FileId(0), start: 7, end: 8 } }, TypeId(35))
                Felt b (Identifier { id: IdentId(24), location: Location { file_id: FileId(0), start: 16, end: 17 } }, TypeId(35))
            Return Type: Felt (TypeId(3))
            Body: ExprId(188)
        fn sub (TypeId(36))
            Parameters:
                Felt a (Identifier { id: IdentId(23), location: Location { file_id: FileId(0), start: 88, end: 89 } }, TypeId(36))
                Felt b (Identifier { id: IdentId(24), location: Location { file_id: FileId(0), start: 97, end: 98 } }, TypeId(36))
            Return Type: Felt (TypeId(3))
            Body: ExprId(193)
        fn mul (TypeId(37))
            Parameters:
                Felt a (Identifier { id: IdentId(23), location: Location { file_id: FileId(0), start: 169, end: 170 } }, TypeId(37))
                Felt b (Identifier { id: IdentId(24), location: Location { file_id: FileId(0), start: 178, end: 179 } }, TypeId(37))
            Return Type: Felt (TypeId(3))
            Body: ExprId(198)
        fn add_one (TypeId(38))
            Parameters:
                Felt i (Identifier { id: IdentId(29), location: Location { file_id: FileId(0), start: 254, end: 255 } }, TypeId(38))
            Return Type: Felt (TypeId(3))
            Body: ExprId(203)
        fn main (TypeId(39))
            Return Type: void (TypeId(1))
            Body: ExprId(302)
        pub trait Storage (TypeId(13))
            Body: [DefId(0), DefId(1), DefId(2)]
            Unchecked Body: [DefId(13), DefId(14), DefId(15)]
        pub trait StorageAt (TypeId(17))
            Body: [DefId(4), DefId(5)]
            Unchecked Body: [DefId(17), DefId(18)]
            Generic Parameters: [TypeId(40), TypeId(41)]
        pub struct StorageRef (TypeId(19))
            Fields:
                pub Felt offset (Identifier { id: IdentId(46), location: Location { file_id: FileId(4), start: 3362, end: 3368 } }, TypeId(19))
                pub ContractMetadata metadata (Identifier { id: IdentId(55), location: Location { file_id: FileId(4), start: 3384, end: 3392 } }, TypeId(19))
            Generic Parameters: [TypeId(65), TypeId(66)]
        pub struct ContractMetadata (TypeId(20))
            Fields:
                pub Felt contract_state_tree_height (Identifier { id: IdentId(43), location: Location { file_id: FileId(4), start: 4234, end: 4260 } }, TypeId(20))
                pub Felt contract_id (Identifier { id: IdentId(45), location: Location { file_id: FileId(4), start: 4276, end: 4287 } }, TypeId(20))
                pub Felt user_id (Identifier { id: IdentId(44), location: Location { file_id: FileId(4), start: 4303, end: 4310 } }, TypeId(20))
        pub trait StorageAt (TypeId(61))
            Body: [DefId(46), DefId(47)]
            Unchecked Body: [DefId(17), DefId(18)]
            Generic Parameters: [TypeId(57), TypeId(58)]
        pub struct StorageRef (TypeId(69))
            Fields:
                pub Felt offset (Identifier { id: IdentId(46), location: Location { file_id: FileId(4), start: 3362, end: 3368 } }, TypeId(69))
                pub ContractMetadata metadata (Identifier { id: IdentId(55), location: Location { file_id: FileId(4), start: 3384, end: 3392 } }, TypeId(69))
            Generic Parameters: [TypeId(67), TypeId(68)]
        pub struct StorageRef (TypeId(75))
            Fields:
                pub Felt offset (Identifier { id: IdentId(46), location: Location { file_id: FileId(4), start: 3362, end: 3368 } }, TypeId(75))
                pub ContractMetadata metadata (Identifier { id: IdentId(55), location: Location { file_id: FileId(4), start: 3384, end: 3392 } }, TypeId(75))
            Generic Parameters: [TypeId(67), TypeId(74)]
        pub fn get_user_id (TypeId(21))
            Return Type: Felt (TypeId(3))
            Body: ExprId(146)
        pub fn get_contract_id (TypeId(22))
            Return Type: Felt (TypeId(3))
            Body: ExprId(148)
        pub fn get_checkpoint_id (TypeId(23))
            Return Type: Felt (TypeId(3))
            Body: ExprId(150)
        pub fn get_last_nonce (TypeId(24))
            Return Type: Felt (TypeId(3))
            Body: ExprId(152)
        pub fn get_user_public_key_hash (TypeId(25))
            Return Type: Array (TypeId(9))
            Body: ExprId(154)
        pub fn get_state_hash_at (TypeId(26))
            Parameters:
                Felt slot_index (Identifier { id: IdentId(66), location: Location { file_id: FileId(5), start: 393, end: 403 } }, TypeId(26))
            Return Type: Array (TypeId(9))
            Body: ExprId(157)
        pub fn get_other_contract_state_hash_at (TypeId(27))
            Parameters:
                Felt contract_state_tree_height (Identifier { id: IdentId(43), location: Location { file_id: FileId(5), start: 504, end: 530 } }, TypeId(27))
                Felt contract_id (Identifier { id: IdentId(45), location: Location { file_id: FileId(5), start: 538, end: 549 } }, TypeId(27))
                Felt slot_index (Identifier { id: IdentId(66), location: Location { file_id: FileId(5), start: 557, end: 567 } }, TypeId(27))
            Return Type: Array (TypeId(9))
            Body: ExprId(162)
        pub fn get_other_user_contract_state_hash_at (TypeId(28))
            Parameters:
                Felt contract_state_tree_height (Identifier { id: IdentId(43), location: Location { file_id: FileId(5), start: 729, end: 755 } }, TypeId(28))
                Felt user_id (Identifier { id: IdentId(44), location: Location { file_id: FileId(5), start: 763, end: 770 } }, TypeId(28))
                Felt contract_id (Identifier { id: IdentId(45), location: Location { file_id: FileId(5), start: 778, end: 789 } }, TypeId(28))
                Felt slot_index (Identifier { id: IdentId(66), location: Location { file_id: FileId(5), start: 797, end: 807 } }, TypeId(28))
            Return Type: Array (TypeId(9))
            Body: ExprId(168)
        pub fn cset_state_hash_at (TypeId(29))
            Parameters:
                Felt slot_index (Identifier { id: IdentId(66), location: Location { file_id: FileId(5), start: 964, end: 974 } }, TypeId(29))
                Array new_value (Identifier { id: IdentId(70), location: Location { file_id: FileId(5), start: 982, end: 991 } }, TypeId(29))
            Return Type: Array (TypeId(9))
            Body: ExprId(172)
        pub Felt (TypeId(3))
        pub Array (TypeId(7))
        pub CheckedValueRef(RwLock { data: U32(4u32), poisoned: false, .. }) (TypeId(8))
        pub Array (TypeId(9))
        pub Array (TypeId(9))
        pub Array (TypeId(53))
        pub Array (TypeId(62))
        pub CheckedValueRef(RwLock { data: U32(1u32), poisoned: false, .. }) (TypeId(74))
        pub trait Default (TypeId(31))
            Body: [DefId(18)]
            Unchecked Body: [DefId(61)]
        pub fn transmute (TypeId(33))
            Parameters:
                T x (Identifier { id: IdentId(73), location: Location { file_id: FileId(7), start: 23, end: 24 } }, TypeId(33))
            Return Type: U (TypeId(83))
            Body: ExprId(181)
            Generic Parameters: [TypeId(83), TypeId(84)]
        pub fn size_of (TypeId(34))
            Return Type: Felt (TypeId(3))
            Body: ExprId(183)
            Generic Parameters: [TypeId(85)]
    ScopeId(31) (Function)
        Variables:
            a: Felt
            b: Felt
        ScopeId(107) (Block)
            Variables:
                mut c: Felt
    ScopeId(32) (Function)
        Variables:
            a: Felt
            b: Felt
        ScopeId(108) (Block)
            Variables:
                mut c: Felt
    ScopeId(33) (Function)
        Variables:
            a: Felt
            b: Felt
        ScopeId(109) (Block)
            Variables:
                mut c: Felt
    ScopeId(34) (Function)
        Variables:
            i: Felt
        ScopeId(110) (Block)
            Variables:
                mut c: Felt
    ScopeId(35) (Function)
        ScopeId(111) (Block)
            Variables:
                mut a: Felt
                mut b: Felt
                mut c: Felt
                mut e: Felt
                mut d: Felt
                mut f: Felt
                mut g: Felt
                mut h: Felt
                mut i: Felt
