---
source: qed_compiler/qed-interpreter/src/lib.rs
expression: "ctx.debug_scope(ScopeId::root())"
input_file: qed_compiler/tests/struct_field_test.qed
---
ScopeId(0) (Module)
    Types:
        pub struct Person (TypeId(35))
            Fields:
                pub Felt age (Identifier { id: IdentId(23), location: Location { file_id: FileId(0), start: 28, end: 31 } }, TypeId(35))
                bool male (Identifier { id: IdentId(24), location: Location { file_id: FileId(0), start: 43, end: 47 } }, TypeId(35))
        struct Family (TypeId(36))
            Fields:
                Person father (Identifier { id: IdentId(26), location: Location { file_id: FileId(0), start: 78, end: 84 } }, TypeId(36))
                Person mother (Identifier { id: IdentId(27), location: Location { file_id: FileId(0), start: 98, end: 104 } }, TypeId(36))
                pub Array children (Identifier { id: IdentId(28), location: Location { file_id: FileId(0), start: 122, end: 130 } }, TypeId(36))
        fn main (TypeId(37))
            Return Type: void (TypeId(1))
            Body: ExprId(245)
        pub trait Storage (TypeId(24))
            Body: [DefId(11), DefId(12), DefId(13)]
            Unchecked Body: [DefId(10), DefId(11), DefId(12)]
        pub trait StorageAt (TypeId(28))
            Body: [DefId(15), DefId(16)]
            Unchecked Body: [DefId(14), DefId(15)]
            Generic Parameters: [TypeId(41), TypeId(42)]
        pub struct StorageRef (TypeId(30))
            Fields:
                pub Felt offset (Identifier { id: IdentId(43), location: Location { file_id: FileId(3), start: 2987, end: 2993 } }, TypeId(30))
                pub ContractMetadata metadata (Identifier { id: IdentId(52), location: Location { file_id: FileId(3), start: 3009, end: 3017 } }, TypeId(30))
            Generic Parameters: [TypeId(66), TypeId(67)]
        pub struct ContractMetadata (TypeId(31))
            Fields:
                pub Felt contract_state_tree_height (Identifier { id: IdentId(40), location: Location { file_id: FileId(3), start: 3801, end: 3827 } }, TypeId(31))
                pub Felt contract_id (Identifier { id: IdentId(42), location: Location { file_id: FileId(3), start: 3843, end: 3854 } }, TypeId(31))
                pub Felt user_id (Identifier { id: IdentId(41), location: Location { file_id: FileId(3), start: 3870, end: 3877 } }, TypeId(31))
        pub trait StorageAt (TypeId(62))
            Body: [DefId(43), DefId(44)]
            Unchecked Body: [DefId(14), DefId(15)]
            Generic Parameters: [TypeId(58), TypeId(59)]
        pub struct StorageRef (TypeId(70))
            Fields:
                pub Felt offset (Identifier { id: IdentId(43), location: Location { file_id: FileId(3), start: 2987, end: 2993 } }, TypeId(70))
                pub ContractMetadata metadata (Identifier { id: IdentId(52), location: Location { file_id: FileId(3), start: 3009, end: 3017 } }, TypeId(70))
            Generic Parameters: [TypeId(68), TypeId(69)]
        pub struct StorageRef (TypeId(76))
            Fields:
                pub Felt offset (Identifier { id: IdentId(43), location: Location { file_id: FileId(3), start: 2987, end: 2993 } }, TypeId(76))
                pub ContractMetadata metadata (Identifier { id: IdentId(52), location: Location { file_id: FileId(3), start: 3009, end: 3017 } }, TypeId(76))
            Generic Parameters: [TypeId(68), TypeId(75)]
        pub fn get_user_id (TypeId(12))
            Return Type: Felt (TypeId(3))
            Body: ExprId(6)
        pub fn get_contract_id (TypeId(13))
            Return Type: Felt (TypeId(3))
            Body: ExprId(8)
        pub fn get_checkpoint_id (TypeId(14))
            Return Type: Felt (TypeId(3))
            Body: ExprId(10)
        pub fn get_last_nonce (TypeId(15))
            Return Type: Felt (TypeId(3))
            Body: ExprId(12)
        pub fn get_user_public_key_hash (TypeId(16))
            Return Type: Array (TypeId(9))
            Body: ExprId(14)
        pub fn get_state_hash_at (TypeId(17))
            Parameters:
                Felt slot_index (Identifier { id: IdentId(66), location: Location { file_id: FileId(6), start: 402, end: 412 } }, TypeId(17))
            Return Type: Array (TypeId(9))
            Body: ExprId(17)
        pub fn get_other_contract_state_hash_at (TypeId(18))
            Parameters:
                Felt contract_state_tree_height (Identifier { id: IdentId(40), location: Location { file_id: FileId(6), start: 513, end: 539 } }, TypeId(18))
                Felt contract_id (Identifier { id: IdentId(42), location: Location { file_id: FileId(6), start: 547, end: 558 } }, TypeId(18))
                Felt slot_index (Identifier { id: IdentId(66), location: Location { file_id: FileId(6), start: 566, end: 576 } }, TypeId(18))
            Return Type: Array (TypeId(9))
            Body: ExprId(22)
        pub fn get_other_user_contract_state_hash_at (TypeId(19))
            Parameters:
                Felt contract_state_tree_height (Identifier { id: IdentId(40), location: Location { file_id: FileId(6), start: 738, end: 764 } }, TypeId(19))
                Felt user_id (Identifier { id: IdentId(41), location: Location { file_id: FileId(6), start: 772, end: 779 } }, TypeId(19))
                Felt contract_id (Identifier { id: IdentId(42), location: Location { file_id: FileId(6), start: 787, end: 798 } }, TypeId(19))
                Felt slot_index (Identifier { id: IdentId(66), location: Location { file_id: FileId(6), start: 806, end: 816 } }, TypeId(19))
            Return Type: Array (TypeId(9))
            Body: ExprId(28)
        pub fn cset_state_hash_at (TypeId(20))
            Parameters:
                Felt slot_index (Identifier { id: IdentId(66), location: Location { file_id: FileId(6), start: 973, end: 983 } }, TypeId(20))
                Array new_value (Identifier { id: IdentId(70), location: Location { file_id: FileId(6), start: 991, end: 1000 } }, TypeId(20))
            Return Type: Array (TypeId(9))
            Body: ExprId(32)
        pub Felt (TypeId(3))
        pub Array (TypeId(7))
        pub CheckedValueRef(RwLock { data: U32(4u32), poisoned: false, .. }) (TypeId(8))
        pub Array (TypeId(9))
        pub Array (TypeId(9))
        pub Array (TypeId(54))
        pub Array (TypeId(63))
        pub CheckedValueRef(RwLock { data: U32(1u32), poisoned: false, .. }) (TypeId(75))
        pub trait Default (TypeId(33))
            Body: [DefId(20)]
            Unchecked Body: [DefId(60)]
        pub fn transmute (TypeId(10))
            Parameters:
                T x (Identifier { id: IdentId(60), location: Location { file_id: FileId(5), start: 23, end: 24 } }, TypeId(10))
            Return Type: U (TypeId(38))
            Body: ExprId(2)
            Generic Parameters: [TypeId(38), TypeId(39)]
        pub fn size_of (TypeId(11))
            Return Type: Felt (TypeId(3))
            Body: ExprId(4)
            Generic Parameters: [TypeId(40)]
    ScopeId(1) (Module)
        ScopeId(2) (Module)
            Types:
                pub trait Storage (TypeId(24))
                    Body: [DefId(11), DefId(12), DefId(13)]
                    Unchecked Body: [DefId(10), DefId(11), DefId(12)]
                pub trait StorageAt (TypeId(28))
                    Body: [DefId(15), DefId(16)]
                    Unchecked Body: [DefId(14), DefId(15)]
                    Generic Parameters: [TypeId(41), TypeId(42)]
                pub struct StorageRef (TypeId(30))
                    Fields:
                        pub Felt offset (Identifier { id: IdentId(43), location: Location { file_id: FileId(3), start: 2987, end: 2993 } }, TypeId(30))
                        pub ContractMetadata metadata (Identifier { id: IdentId(52), location: Location { file_id: FileId(3), start: 3009, end: 3017 } }, TypeId(30))
                    Generic Parameters: [TypeId(66), TypeId(67)]
                pub struct ContractMetadata (TypeId(31))
                    Fields:
                        pub Felt contract_state_tree_height (Identifier { id: IdentId(40), location: Location { file_id: FileId(3), start: 3801, end: 3827 } }, TypeId(31))
                        pub Felt contract_id (Identifier { id: IdentId(42), location: Location { file_id: FileId(3), start: 3843, end: 3854 } }, TypeId(31))
                        pub Felt user_id (Identifier { id: IdentId(41), location: Location { file_id: FileId(3), start: 3870, end: 3877 } }, TypeId(31))
                pub trait StorageAt (TypeId(62))
                    Body: [DefId(43), DefId(44)]
                    Unchecked Body: [DefId(14), DefId(15)]
                    Generic Parameters: [TypeId(58), TypeId(59)]
                pub struct StorageRef (TypeId(70))
                    Fields:
                        pub Felt offset (Identifier { id: IdentId(43), location: Location { file_id: FileId(3), start: 2987, end: 2993 } }, TypeId(70))
                        pub ContractMetadata metadata (Identifier { id: IdentId(52), location: Location { file_id: FileId(3), start: 3009, end: 3017 } }, TypeId(70))
                    Generic Parameters: [TypeId(68), TypeId(69)]
                pub struct StorageRef (TypeId(76))
                    Fields:
                        pub Felt offset (Identifier { id: IdentId(43), location: Location { file_id: FileId(3), start: 2987, end: 2993 } }, TypeId(76))
                        pub ContractMetadata metadata (Identifier { id: IdentId(52), location: Location { file_id: FileId(3), start: 3009, end: 3017 } }, TypeId(76))
                    Generic Parameters: [TypeId(68), TypeId(75)]
                pub fn get_user_id (TypeId(12))
                    Return Type: Felt (TypeId(3))
                    Body: ExprId(6)
                pub fn get_contract_id (TypeId(13))
                    Return Type: Felt (TypeId(3))
                    Body: ExprId(8)
                pub fn get_checkpoint_id (TypeId(14))
                    Return Type: Felt (TypeId(3))
                    Body: ExprId(10)
                pub fn get_last_nonce (TypeId(15))
                    Return Type: Felt (TypeId(3))
                    Body: ExprId(12)
                pub fn get_user_public_key_hash (TypeId(16))
                    Return Type: Array (TypeId(9))
                    Body: ExprId(14)
                pub fn get_state_hash_at (TypeId(17))
                    Parameters:
                        Felt slot_index (Identifier { id: IdentId(66), location: Location { file_id: FileId(6), start: 402, end: 412 } }, TypeId(17))
                    Return Type: Array (TypeId(9))
                    Body: ExprId(17)
                pub fn get_other_contract_state_hash_at (TypeId(18))
                    Parameters:
                        Felt contract_state_tree_height (Identifier { id: IdentId(40), location: Location { file_id: FileId(6), start: 513, end: 539 } }, TypeId(18))
                        Felt contract_id (Identifier { id: IdentId(42), location: Location { file_id: FileId(6), start: 547, end: 558 } }, TypeId(18))
                        Felt slot_index (Identifier { id: IdentId(66), location: Location { file_id: FileId(6), start: 566, end: 576 } }, TypeId(18))
                    Return Type: Array (TypeId(9))
                    Body: ExprId(22)
                pub fn get_other_user_contract_state_hash_at (TypeId(19))
                    Parameters:
                        Felt contract_state_tree_height (Identifier { id: IdentId(40), location: Location { file_id: FileId(6), start: 738, end: 764 } }, TypeId(19))
                        Felt user_id (Identifier { id: IdentId(41), location: Location { file_id: FileId(6), start: 772, end: 779 } }, TypeId(19))
                        Felt contract_id (Identifier { id: IdentId(42), location: Location { file_id: FileId(6), start: 787, end: 798 } }, TypeId(19))
                        Felt slot_index (Identifier { id: IdentId(66), location: Location { file_id: FileId(6), start: 806, end: 816 } }, TypeId(19))
                    Return Type: Array (TypeId(9))
                    Body: ExprId(28)
                pub fn cset_state_hash_at (TypeId(20))
                    Parameters:
                        Felt slot_index (Identifier { id: IdentId(66), location: Location { file_id: FileId(6), start: 973, end: 983 } }, TypeId(20))
                        Array new_value (Identifier { id: IdentId(70), location: Location { file_id: FileId(6), start: 991, end: 1000 } }, TypeId(20))
                    Return Type: Array (TypeId(9))
                    Body: ExprId(32)
                pub Felt (TypeId(3))
                pub Array (TypeId(7))
                pub CheckedValueRef(RwLock { data: U32(4u32), poisoned: false, .. }) (TypeId(8))
                pub Array (TypeId(9))
                pub Array (TypeId(9))
                pub Array (TypeId(54))
                pub Array (TypeId(63))
                pub CheckedValueRef(RwLock { data: U32(1u32), poisoned: false, .. }) (TypeId(75))
                pub trait Default (TypeId(33))
                    Body: [DefId(20)]
                    Unchecked Body: [DefId(60)]
                pub fn transmute (TypeId(10))
                    Parameters:
                        T x (Identifier { id: IdentId(60), location: Location { file_id: FileId(5), start: 23, end: 24 } }, TypeId(10))
                    Return Type: U (TypeId(38))
                    Body: ExprId(2)
                    Generic Parameters: [TypeId(38), TypeId(39)]
                pub fn size_of (TypeId(11))
                    Return Type: Felt (TypeId(3))
                    Body: ExprId(4)
                    Generic Parameters: [TypeId(40)]
            ScopeId(3) (Module)
                Types:
                    pub trait Storage (TypeId(24))
                        Body: [DefId(11), DefId(12), DefId(13)]
                        Unchecked Body: [DefId(10), DefId(11), DefId(12)]
                    pub trait StorageAt (TypeId(28))
                        Body: [DefId(15), DefId(16)]
                        Unchecked Body: [DefId(14), DefId(15)]
                        Generic Parameters: [TypeId(41), TypeId(42)]
                    pub struct StorageRef (TypeId(30))
                        Fields:
                            pub Felt offset (Identifier { id: IdentId(43), location: Location { file_id: FileId(3), start: 2987, end: 2993 } }, TypeId(30))
                            pub ContractMetadata metadata (Identifier { id: IdentId(52), location: Location { file_id: FileId(3), start: 3009, end: 3017 } }, TypeId(30))
                        Generic Parameters: [TypeId(66), TypeId(67)]
                    pub struct ContractMetadata (TypeId(31))
                        Fields:
                            pub Felt contract_state_tree_height (Identifier { id: IdentId(40), location: Location { file_id: FileId(3), start: 3801, end: 3827 } }, TypeId(31))
                            pub Felt contract_id (Identifier { id: IdentId(42), location: Location { file_id: FileId(3), start: 3843, end: 3854 } }, TypeId(31))
                            pub Felt user_id (Identifier { id: IdentId(41), location: Location { file_id: FileId(3), start: 3870, end: 3877 } }, TypeId(31))
                    pub Felt (TypeId(3))
                    pub Array (TypeId(7))
                    pub CheckedValueRef(RwLock { data: U32(4u32), poisoned: false, .. }) (TypeId(8))
                    pub Array (TypeId(9))
                    pub Array (TypeId(9))
                    pub trait StorageAt (TypeId(62))
                        Body: [DefId(43), DefId(44)]
                        Unchecked Body: [DefId(14), DefId(15)]
                        Generic Parameters: [TypeId(58), TypeId(59)]
                    pub struct StorageRef (TypeId(70))
                        Fields:
                            pub Felt offset (Identifier { id: IdentId(43), location: Location { file_id: FileId(3), start: 2987, end: 2993 } }, TypeId(70))
                            pub ContractMetadata metadata (Identifier { id: IdentId(52), location: Location { file_id: FileId(3), start: 3009, end: 3017 } }, TypeId(70))
                        Generic Parameters: [TypeId(68), TypeId(69)]
                    pub struct StorageRef (TypeId(76))
                        Fields:
                            pub Felt offset (Identifier { id: IdentId(43), location: Location { file_id: FileId(3), start: 2987, end: 2993 } }, TypeId(76))
                            pub ContractMetadata metadata (Identifier { id: IdentId(52), location: Location { file_id: FileId(3), start: 3009, end: 3017 } }, TypeId(76))
                        Generic Parameters: [TypeId(68), TypeId(75)]
                ScopeId(4) (Module)
                    Types:
                        pub Felt (TypeId(3))
                        pub Array (TypeId(7))
                        pub CheckedValueRef(RwLock { data: U32(4u32), poisoned: false, .. }) (TypeId(8))
                        pub Array (TypeId(9))
                        pub Array (TypeId(9))
                        pub Array (TypeId(54))
                        pub Array (TypeId(63))
                        pub CheckedValueRef(RwLock { data: U32(1u32), poisoned: false, .. }) (TypeId(75))
                        pub CheckedValueRef(RwLock { data: U32(2u32), poisoned: false, .. }) (TypeId(84))
                        pub Array (TypeId(85))
                    ScopeId(8) (Array)
                        Types:
                            pub T (TypeId(5))
                            pub N (TypeId(6))
                ScopeId(5) (Module)
                    Types:
                        pub fn transmute (TypeId(10))
                            Parameters:
                                T x (Identifier { id: IdentId(60), location: Location { file_id: FileId(5), start: 23, end: 24 } }, TypeId(10))
                            Return Type: U (TypeId(38))
                            Body: ExprId(2)
                            Generic Parameters: [TypeId(38), TypeId(39)]
                        pub fn size_of (TypeId(11))
                            Return Type: Felt (TypeId(3))
                            Body: ExprId(4)
                            Generic Parameters: [TypeId(40)]
                    ScopeId(9) (Function)
                        Variables:
                            x: T
                        Types:
                            pub U (TypeId(38))
                            pub T (TypeId(39))
                        ScopeId(69) (Block)
                    ScopeId(10) (Function)
                        Types:
                            pub T (TypeId(40))
                        ScopeId(70) (Block)
                ScopeId(6) (Module)
                    Types:
                        pub fn get_user_id (TypeId(12))
                            Return Type: Felt (TypeId(3))
                            Body: ExprId(6)
                        pub fn get_contract_id (TypeId(13))
                            Return Type: Felt (TypeId(3))
                            Body: ExprId(8)
                        pub fn get_checkpoint_id (TypeId(14))
                            Return Type: Felt (TypeId(3))
                            Body: ExprId(10)
                        pub fn get_last_nonce (TypeId(15))
                            Return Type: Felt (TypeId(3))
                            Body: ExprId(12)
                        pub fn get_user_public_key_hash (TypeId(16))
                            Return Type: Array (TypeId(9))
                            Body: ExprId(14)
                        pub fn get_state_hash_at (TypeId(17))
                            Parameters:
                                Felt slot_index (Identifier { id: IdentId(66), location: Location { file_id: FileId(6), start: 402, end: 412 } }, TypeId(17))
                            Return Type: Array (TypeId(9))
                            Body: ExprId(17)
                        pub fn get_other_contract_state_hash_at (TypeId(18))
                            Parameters:
                                Felt contract_state_tree_height (Identifier { id: IdentId(40), location: Location { file_id: FileId(6), start: 513, end: 539 } }, TypeId(18))
                                Felt contract_id (Identifier { id: IdentId(42), location: Location { file_id: FileId(6), start: 547, end: 558 } }, TypeId(18))
                                Felt slot_index (Identifier { id: IdentId(66), location: Location { file_id: FileId(6), start: 566, end: 576 } }, TypeId(18))
                            Return Type: Array (TypeId(9))
                            Body: ExprId(22)
                        pub fn get_other_user_contract_state_hash_at (TypeId(19))
                            Parameters:
                                Felt contract_state_tree_height (Identifier { id: IdentId(40), location: Location { file_id: FileId(6), start: 738, end: 764 } }, TypeId(19))
                                Felt user_id (Identifier { id: IdentId(41), location: Location { file_id: FileId(6), start: 772, end: 779 } }, TypeId(19))
                                Felt contract_id (Identifier { id: IdentId(42), location: Location { file_id: FileId(6), start: 787, end: 798 } }, TypeId(19))
                                Felt slot_index (Identifier { id: IdentId(66), location: Location { file_id: FileId(6), start: 806, end: 816 } }, TypeId(19))
                            Return Type: Array (TypeId(9))
                            Body: ExprId(28)
                        pub fn cset_state_hash_at (TypeId(20))
                            Parameters:
                                Felt slot_index (Identifier { id: IdentId(66), location: Location { file_id: FileId(6), start: 973, end: 983 } }, TypeId(20))
                                Array new_value (Identifier { id: IdentId(70), location: Location { file_id: FileId(6), start: 991, end: 1000 } }, TypeId(20))
                            Return Type: Array (TypeId(9))
                            Body: ExprId(32)
                        pub Felt (TypeId(3))
                        pub Array (TypeId(7))
                        pub CheckedValueRef(RwLock { data: U32(4u32), poisoned: false, .. }) (TypeId(8))
                        pub Array (TypeId(9))
                        pub Array (TypeId(9))
                    ScopeId(4) (Module)
                        Types:
                            pub Felt (TypeId(3))
                            pub Array (TypeId(7))
                            pub CheckedValueRef(RwLock { data: U32(4u32), poisoned: false, .. }) (TypeId(8))
                            pub Array (TypeId(9))
                            pub Array (TypeId(9))
                            pub Array (TypeId(54))
                            pub Array (TypeId(63))
                            pub CheckedValueRef(RwLock { data: U32(1u32), poisoned: false, .. }) (TypeId(75))
                            pub CheckedValueRef(RwLock { data: U32(2u32), poisoned: false, .. }) (TypeId(84))
                            pub Array (TypeId(85))
                        ScopeId(8) (Array)
                            Types:
                                pub T (TypeId(5))
                                pub N (TypeId(6))
                    ScopeId(11) (Function)
                        ScopeId(71) (Block)
                    ScopeId(12) (Function)
                        ScopeId(72) (Block)
                    ScopeId(13) (Function)
                        ScopeId(73) (Block)
                    ScopeId(14) (Function)
                        ScopeId(74) (Block)
                    ScopeId(15) (Function)
                        ScopeId(75) (Block)
                    ScopeId(16) (Function)
                        Variables:
                            slot_index: Felt
                        ScopeId(76) (Block)
                    ScopeId(17) (Function)
                        Variables:
                            contract_state_tree_height: Felt
                            contract_id: Felt
                            slot_index: Felt
                        ScopeId(77) (Block)
                    ScopeId(18) (Function)
                        Variables:
                            contract_state_tree_height: Felt
                            user_id: Felt
                            contract_id: Felt
                            slot_index: Felt
                        ScopeId(78) (Block)
                    ScopeId(19) (Function)
                        Variables:
                            slot_index: Felt
                            new_value: Array
                        ScopeId(79) (Block)
                ScopeId(20) (Trait)
                    Types:
                        pub fn size (TypeId(21))
                            Return Type: Felt (TypeId(3))
                        pub fn read (TypeId(22))
                            Parameters:
                                Felt contract_state_tree_height (Identifier { id: IdentId(40), location: Location { file_id: FileId(3), start: 120, end: 146 } }, TypeId(22))
                                Felt user_id (Identifier { id: IdentId(41), location: Location { file_id: FileId(3), start: 154, end: 161 } }, TypeId(22))
                                Felt contract_id (Identifier { id: IdentId(42), location: Location { file_id: FileId(3), start: 169, end: 180 } }, TypeId(22))
                                Felt offset (Identifier { id: IdentId(43), location: Location { file_id: FileId(3), start: 188, end: 194 } }, TypeId(22))
                            Return Type: Self (TypeId(25))
                        pub fn write (TypeId(23))
                            Parameters:
                                Felt offset (Identifier { id: IdentId(43), location: Location { file_id: FileId(3), start: 228, end: 234 } }, TypeId(23))
                                Self value (Identifier { id: IdentId(45), location: Location { file_id: FileId(3), start: 242, end: 247 } }, TypeId(23))
                            Return Type: void (TypeId(1))
                        pub Self (TypeId(25))
                    ScopeId(21) (TraitMethod)
                    ScopeId(22) (TraitMethod)
                        Variables:
                            contract_state_tree_height: Felt
                            user_id: Felt
                            contract_id: Felt
                            offset: Felt
                    ScopeId(23) (TraitMethod)
                        Variables:
                            offset: Felt
                            value: Self
                ScopeId(24) (Trait)
                    Types:
                        pub fn read_at (TypeId(26))
                            Parameters:
                                Felt contract_state_tree_height (Identifier { id: IdentId(40), location: Location { file_id: FileId(3), start: 320, end: 346 } }, TypeId(26))
                                Felt user_id (Identifier { id: IdentId(41), location: Location { file_id: FileId(3), start: 354, end: 361 } }, TypeId(26))
                                Felt contract_id (Identifier { id: IdentId(42), location: Location { file_id: FileId(3), start: 369, end: 380 } }, TypeId(26))
                                Felt offset (Identifier { id: IdentId(43), location: Location { file_id: FileId(3), start: 388, end: 394 } }, TypeId(26))
                                Felt index (Identifier { id: IdentId(48), location: Location { file_id: FileId(3), start: 402, end: 407 } }, TypeId(26))
                            Return Type: Self (TypeId(29))
                        pub fn write_at (TypeId(27))
                            Parameters:
                                Felt offset (Identifier { id: IdentId(43), location: Location { file_id: FileId(3), start: 444, end: 450 } }, TypeId(27))
                                Felt index (Identifier { id: IdentId(48), location: Location { file_id: FileId(3), start: 458, end: 463 } }, TypeId(27))
                                T value (Identifier { id: IdentId(45), location: Location { file_id: FileId(3), start: 471, end: 476 } }, TypeId(27))
                            Return Type: void (TypeId(1))
                        pub Self (TypeId(29))
                        pub T (TypeId(41))
                        pub N (TypeId(42))
                    ScopeId(25) (TraitMethod)
                        Variables:
                            contract_state_tree_height: Felt
                            user_id: Felt
                            contract_id: Felt
                            offset: Felt
                            index: Felt
                    ScopeId(26) (TraitMethod)
                        Variables:
                            offset: Felt
                            index: Felt
                            value: T
                ScopeId(27) (Struct)
                    Types:
                        pub T (TypeId(66))
                        pub N (TypeId(67))
                ScopeId(28) (Struct)
                ScopeId(34) (Impl)
                    Types:
                        pub Felt (TypeId(3))
                        pub fn size (TypeId(43))
                            Return Type: Felt (TypeId(3))
                            Body: ExprId(34)
                        pub fn read (TypeId(44))
                            Parameters:
                                Felt contract_state_tree_height (Identifier { id: IdentId(40), location: Location { file_id: FileId(3), start: 578, end: 604 } }, TypeId(44))
                                Felt user_id (Identifier { id: IdentId(41), location: Location { file_id: FileId(3), start: 612, end: 619 } }, TypeId(44))
                                Felt contract_id (Identifier { id: IdentId(42), location: Location { file_id: FileId(3), start: 627, end: 638 } }, TypeId(44))
                                Felt offset (Identifier { id: IdentId(43), location: Location { file_id: FileId(3), start: 646, end: 652 } }, TypeId(44))
                            Return Type: Felt (TypeId(3))
                            Body: ExprId(48)
                        pub fn write (TypeId(45))
                            Parameters:
                                Felt offset (Identifier { id: IdentId(43), location: Location { file_id: FileId(3), start: 822, end: 828 } }, TypeId(45))
                                Felt value (Identifier { id: IdentId(45), location: Location { file_id: FileId(3), start: 836, end: 841 } }, TypeId(45))
                            Return Type: void (TypeId(1))
                            Body: ExprId(54)
                    ScopeId(35) (TraitMethod)
                        ScopeId(80) (Block)
                    ScopeId(36) (TraitMethod)
                        Variables:
                            contract_state_tree_height: Felt
                            user_id: Felt
                            contract_id: Felt
                            offset: Felt
                        ScopeId(81) (Block)
                    ScopeId(37) (TraitMethod)
                        Variables:
                            offset: Felt
                            value: Felt
                        ScopeId(82) (Block)
                ScopeId(38) (Impl)
                    Types:
                        pub fn size (TypeId(46))
                            Return Type: Felt (TypeId(3))
                            Body: ExprId(56)
                        pub fn read (TypeId(47))
                            Parameters:
                                Felt contract_state_tree_height (Identifier { id: IdentId(40), location: Location { file_id: FileId(3), start: 1003, end: 1029 } }, TypeId(47))
                                Felt user_id (Identifier { id: IdentId(41), location: Location { file_id: FileId(3), start: 1037, end: 1044 } }, TypeId(47))
                                Felt contract_id (Identifier { id: IdentId(42), location: Location { file_id: FileId(3), start: 1052, end: 1063 } }, TypeId(47))
                                Felt offset (Identifier { id: IdentId(43), location: Location { file_id: FileId(3), start: 1071, end: 1077 } }, TypeId(47))
                            Return Type: bool (TypeId(2))
                            Body: ExprId(70)
                        pub fn write (TypeId(48))
                            Parameters:
                                Felt offset (Identifier { id: IdentId(43), location: Location { file_id: FileId(3), start: 1247, end: 1253 } }, TypeId(48))
                                bool value (Identifier { id: IdentId(45), location: Location { file_id: FileId(3), start: 1261, end: 1266 } }, TypeId(48))
                            Return Type: void (TypeId(1))
                            Body: ExprId(76)
                    ScopeId(39) (TraitMethod)
                        ScopeId(83) (Block)
                    ScopeId(40) (TraitMethod)
                        Variables:
                            contract_state_tree_height: Felt
                            user_id: Felt
                            contract_id: Felt
                            offset: Felt
                        ScopeId(84) (Block)
                    ScopeId(41) (TraitMethod)
                        Variables:
                            offset: Felt
                            value: bool
                        ScopeId(85) (Block)
                ScopeId(42) (Impl)
                    Types:
                        pub fn size (TypeId(49))
                            Return Type: Felt (TypeId(3))
                            Body: ExprId(78)
                        pub fn read (TypeId(50))
                            Parameters:
                                Felt contract_state_tree_height (Identifier { id: IdentId(40), location: Location { file_id: FileId(3), start: 1427, end: 1453 } }, TypeId(50))
                                Felt user_id (Identifier { id: IdentId(41), location: Location { file_id: FileId(3), start: 1461, end: 1468 } }, TypeId(50))
                                Felt contract_id (Identifier { id: IdentId(42), location: Location { file_id: FileId(3), start: 1476, end: 1487 } }, TypeId(50))
                                Felt offset (Identifier { id: IdentId(43), location: Location { file_id: FileId(3), start: 1495, end: 1501 } }, TypeId(50))
                            Return Type: u32 (TypeId(4))
                            Body: ExprId(92)
                        pub fn write (TypeId(51))
                            Parameters:
                                Felt offset (Identifier { id: IdentId(43), location: Location { file_id: FileId(3), start: 1671, end: 1677 } }, TypeId(51))
                                u32 value (Identifier { id: IdentId(45), location: Location { file_id: FileId(3), start: 1685, end: 1690 } }, TypeId(51))
                            Return Type: void (TypeId(1))
                            Body: ExprId(98)
                    ScopeId(43) (TraitMethod)
                        ScopeId(86) (Block)
                    ScopeId(44) (TraitMethod)
                        Variables:
                            contract_state_tree_height: Felt
                            user_id: Felt
                            contract_id: Felt
                            offset: Felt
                        ScopeId(87) (Block)
                    ScopeId(45) (TraitMethod)
                        Variables:
                            offset: Felt
                            value: u32
                        ScopeId(88) (Block)
                ScopeId(46) (Impl)
                    Types:
                        pub T (TypeId(52))
                        pub N (TypeId(53))
                        pub Array (TypeId(54))
                        pub fn size (TypeId(55))
                            Return Type: Felt (TypeId(3))
                            Body: ExprId(104)
                        pub fn read (TypeId(56))
                            Parameters:
                                Felt contract_state_tree_height (Identifier { id: IdentId(40), location: Location { file_id: FileId(3), start: 1896, end: 1922 } }, TypeId(56))
                                Felt user_id (Identifier { id: IdentId(41), location: Location { file_id: FileId(3), start: 1930, end: 1937 } }, TypeId(56))
                                Felt contract_id (Identifier { id: IdentId(42), location: Location { file_id: FileId(3), start: 1945, end: 1956 } }, TypeId(56))
                                Felt offset (Identifier { id: IdentId(43), location: Location { file_id: FileId(3), start: 1964, end: 1970 } }, TypeId(56))
                            Return Type: Array (TypeId(54))
                            Body: ExprId(118)
                        pub fn write (TypeId(57))
                            Parameters:
                                Felt offset (Identifier { id: IdentId(43), location: Location { file_id: FileId(3), start: 2140, end: 2146 } }, TypeId(57))
                                Array value (Identifier { id: IdentId(45), location: Location { file_id: FileId(3), start: 2154, end: 2159 } }, TypeId(57))
                            Return Type: void (TypeId(1))
                            Body: ExprId(124)
                    ScopeId(47) (TraitMethod)
                        ScopeId(89) (Block)
                    ScopeId(48) (TraitMethod)
                        Variables:
                            contract_state_tree_height: Felt
                            user_id: Felt
                            contract_id: Felt
                            offset: Felt
                        ScopeId(90) (Block)
                    ScopeId(49) (TraitMethod)
                        Variables:
                            offset: Felt
                            value: Array
                        ScopeId(91) (Block)
                ScopeId(50) (Impl)
                    Types:
                        pub T (TypeId(58))
                        pub N (TypeId(59))
                        pub Array (TypeId(63))
                        pub fn write_at (TypeId(64))
                            Parameters:
                                Felt offset (Identifier { id: IdentId(43), location: Location { file_id: FileId(3), start: 2302, end: 2308 } }, TypeId(64))
                                Felt index (Identifier { id: IdentId(48), location: Location { file_id: FileId(3), start: 2316, end: 2321 } }, TypeId(64))
                                T value (Identifier { id: IdentId(45), location: Location { file_id: FileId(3), start: 2329, end: 2334 } }, TypeId(64))
                            Return Type: void (TypeId(1))
                            Body: ExprId(138)
                        pub fn read_at (TypeId(65))
                            Parameters:
                                Felt contract_state_tree_height (Identifier { id: IdentId(40), location: Location { file_id: FileId(3), start: 2454, end: 2480 } }, TypeId(65))
                                Felt user_id (Identifier { id: IdentId(41), location: Location { file_id: FileId(3), start: 2488, end: 2495 } }, TypeId(65))
                                Felt contract_id (Identifier { id: IdentId(42), location: Location { file_id: FileId(3), start: 2503, end: 2514 } }, TypeId(65))
                                Felt offset (Identifier { id: IdentId(43), location: Location { file_id: FileId(3), start: 2522, end: 2528 } }, TypeId(65))
                                Felt index (Identifier { id: IdentId(48), location: Location { file_id: FileId(3), start: 2536, end: 2541 } }, TypeId(65))
                            Return Type: T (TypeId(58))
                            Body: ExprId(153)
                    ScopeId(51) (TraitMethod)
                        Variables:
                            offset: Felt
                            index: Felt
                            value: T
                        ScopeId(92) (Block)
                            Variables:
                                offset: Felt
                    ScopeId(52) (TraitMethod)
                        Variables:
                            contract_state_tree_height: Felt
                            user_id: Felt
                            contract_id: Felt
                            offset: Felt
                            index: Felt
                        ScopeId(93) (Block)
                            Variables:
                                offset: Felt
                ScopeId(53) (Impl)
                    Types:
                        pub T (TypeId(68))
                        pub N (TypeId(69))
                        pub struct StorageRef (TypeId(70))
                            Fields:
                                pub Felt offset (Identifier { id: IdentId(43), location: Location { file_id: FileId(3), start: 2987, end: 2993 } }, TypeId(70))
                                pub ContractMetadata metadata (Identifier { id: IdentId(52), location: Location { file_id: FileId(3), start: 3009, end: 3017 } }, TypeId(70))
                            Generic Parameters: [TypeId(68), TypeId(69)]
                        pub fn new (TypeId(71))
                            Parameters:
                                Felt offset (Identifier { id: IdentId(43), location: Location { file_id: FileId(3), start: 3099, end: 3105 } }, TypeId(71))
                                ContractMetadata metadata (Identifier { id: IdentId(52), location: Location { file_id: FileId(3), start: 3113, end: 3121 } }, TypeId(71))
                            Return Type: StorageRef (TypeId(70))
                            Body: ExprId(157)
                        pub fn get (TypeId(72))
                            Parameters:
                                StorageRef self (Identifier { id: IdentId(9), location: Location { file_id: FileId(3), start: 3264, end: 3268 } }, TypeId(72))
                            Return Type: T (TypeId(68))
                            Body: ExprId(171)
                        pub fn set (TypeId(73))
                            Parameters:
                                StorageRef self (Identifier { id: IdentId(9), location: Location { file_id: FileId(3), start: 3428, end: 3432 } }, TypeId(73))
                                T value (Identifier { id: IdentId(45), location: Location { file_id: FileId(3), start: 3434, end: 3439 } }, TypeId(73))
                            Return Type: void (TypeId(1))
                            Body: ExprId(178)
                        pub fn index (TypeId(74))
                            Parameters:
                                StorageRef self (Identifier { id: IdentId(9), location: Location { file_id: FileId(3), start: 3508, end: 3512 } }, TypeId(74))
                                Felt index (Identifier { id: IdentId(48), location: Location { file_id: FileId(3), start: 3514, end: 3519 } }, TypeId(74))
                            Return Type: StorageRef (TypeId(76))
                            Body: ExprId(193)
                    ScopeId(54) (ImplMethod)
                        Variables:
                            offset: Felt
                            metadata: ContractMetadata
                        ScopeId(94) (Block)
                    ScopeId(55) (ImplMethod)
                        Variables:
                            self: StorageRef
                        ScopeId(95) (Block)
                    ScopeId(56) (ImplMethod)
                        Variables:
                            self: StorageRef
                            value: T
                        ScopeId(96) (Block)
                    ScopeId(57) (ImplMethod)
                        Variables:
                            self: StorageRef
                            index: Felt
                        ScopeId(97) (Block)
                ScopeId(58) (Impl)
                    Types:
                        pub struct ContractMetadata (TypeId(31))
                            Fields:
                                pub Felt contract_state_tree_height (Identifier { id: IdentId(40), location: Location { file_id: FileId(3), start: 3801, end: 3827 } }, TypeId(31))
                                pub Felt contract_id (Identifier { id: IdentId(42), location: Location { file_id: FileId(3), start: 3843, end: 3854 } }, TypeId(31))
                                pub Felt user_id (Identifier { id: IdentId(41), location: Location { file_id: FileId(3), start: 3870, end: 3877 } }, TypeId(31))
                        pub fn new (TypeId(77))
                            Parameters:
                                Felt contract_id (Identifier { id: IdentId(42), location: Location { file_id: FileId(3), start: 3927, end: 3938 } }, TypeId(77))
                                Felt user_id (Identifier { id: IdentId(41), location: Location { file_id: FileId(3), start: 3946, end: 3953 } }, TypeId(77))
                            Return Type: ContractMetadata (TypeId(31))
                            Body: ExprId(198)
                        pub fn current (TypeId(78))
                            Return Type: ContractMetadata (TypeId(31))
                            Body: ExprId(205)
                        pub fn get_contract_id (TypeId(79))
                            Parameters:
                                ContractMetadata self (Identifier { id: IdentId(9), location: Location { file_id: FileId(3), start: 4370, end: 4374 } }, TypeId(79))
                            Return Type: Felt (TypeId(3))
                            Body: ExprId(208)
                        pub fn get_user_id (TypeId(80))
                            Parameters:
                                ContractMetadata self (Identifier { id: IdentId(9), location: Location { file_id: FileId(3), start: 4441, end: 4445 } }, TypeId(80))
                            Return Type: Felt (TypeId(3))
                            Body: ExprId(211)
                    ScopeId(59) (ImplMethod)
                        Variables:
                            contract_id: Felt
                            user_id: Felt
                        ScopeId(98) (Block)
                    ScopeId(60) (ImplMethod)
                        ScopeId(99) (Block)
                    ScopeId(61) (ImplMethod)
                        Variables:
                            self: ContractMetadata
                        ScopeId(100) (Block)
                    ScopeId(62) (ImplMethod)
                        Variables:
                            self: ContractMetadata
                        ScopeId(101) (Block)
            ScopeId(6) (Module)
                Types:
                    pub fn get_user_id (TypeId(12))
                        Return Type: Felt (TypeId(3))
                        Body: ExprId(6)
                    pub fn get_contract_id (TypeId(13))
                        Return Type: Felt (TypeId(3))
                        Body: ExprId(8)
                    pub fn get_checkpoint_id (TypeId(14))
                        Return Type: Felt (TypeId(3))
                        Body: ExprId(10)
                    pub fn get_last_nonce (TypeId(15))
                        Return Type: Felt (TypeId(3))
                        Body: ExprId(12)
                    pub fn get_user_public_key_hash (TypeId(16))
                        Return Type: Array (TypeId(9))
                        Body: ExprId(14)
                    pub fn get_state_hash_at (TypeId(17))
                        Parameters:
                            Felt slot_index (Identifier { id: IdentId(66), location: Location { file_id: FileId(6), start: 402, end: 412 } }, TypeId(17))
                        Return Type: Array (TypeId(9))
                        Body: ExprId(17)
                    pub fn get_other_contract_state_hash_at (TypeId(18))
                        Parameters:
                            Felt contract_state_tree_height (Identifier { id: IdentId(40), location: Location { file_id: FileId(6), start: 513, end: 539 } }, TypeId(18))
                            Felt contract_id (Identifier { id: IdentId(42), location: Location { file_id: FileId(6), start: 547, end: 558 } }, TypeId(18))
                            Felt slot_index (Identifier { id: IdentId(66), location: Location { file_id: FileId(6), start: 566, end: 576 } }, TypeId(18))
                        Return Type: Array (TypeId(9))
                        Body: ExprId(22)
                    pub fn get_other_user_contract_state_hash_at (TypeId(19))
                        Parameters:
                            Felt contract_state_tree_height (Identifier { id: IdentId(40), location: Location { file_id: FileId(6), start: 738, end: 764 } }, TypeId(19))
                            Felt user_id (Identifier { id: IdentId(41), location: Location { file_id: FileId(6), start: 772, end: 779 } }, TypeId(19))
                            Felt contract_id (Identifier { id: IdentId(42), location: Location { file_id: FileId(6), start: 787, end: 798 } }, TypeId(19))
                            Felt slot_index (Identifier { id: IdentId(66), location: Location { file_id: FileId(6), start: 806, end: 816 } }, TypeId(19))
                        Return Type: Array (TypeId(9))
                        Body: ExprId(28)
                    pub fn cset_state_hash_at (TypeId(20))
                        Parameters:
                            Felt slot_index (Identifier { id: IdentId(66), location: Location { file_id: FileId(6), start: 973, end: 983 } }, TypeId(20))
                            Array new_value (Identifier { id: IdentId(70), location: Location { file_id: FileId(6), start: 991, end: 1000 } }, TypeId(20))
                        Return Type: Array (TypeId(9))
                        Body: ExprId(32)
                    pub Felt (TypeId(3))
                    pub Array (TypeId(7))
                    pub CheckedValueRef(RwLock { data: U32(4u32), poisoned: false, .. }) (TypeId(8))
                    pub Array (TypeId(9))
                    pub Array (TypeId(9))
                ScopeId(4) (Module)
                    Types:
                        pub Felt (TypeId(3))
                        pub Array (TypeId(7))
                        pub CheckedValueRef(RwLock { data: U32(4u32), poisoned: false, .. }) (TypeId(8))
                        pub Array (TypeId(9))
                        pub Array (TypeId(9))
                        pub Array (TypeId(54))
                        pub Array (TypeId(63))
                        pub CheckedValueRef(RwLock { data: U32(1u32), poisoned: false, .. }) (TypeId(75))
                        pub CheckedValueRef(RwLock { data: U32(2u32), poisoned: false, .. }) (TypeId(84))
                        pub Array (TypeId(85))
                    ScopeId(8) (Array)
                        Types:
                            pub T (TypeId(5))
                            pub N (TypeId(6))
                ScopeId(11) (Function)
                    ScopeId(71) (Block)
                ScopeId(12) (Function)
                    ScopeId(72) (Block)
                ScopeId(13) (Function)
                    ScopeId(73) (Block)
                ScopeId(14) (Function)
                    ScopeId(74) (Block)
                ScopeId(15) (Function)
                    ScopeId(75) (Block)
                ScopeId(16) (Function)
                    Variables:
                        slot_index: Felt
                    ScopeId(76) (Block)
                ScopeId(17) (Function)
                    Variables:
                        contract_state_tree_height: Felt
                        contract_id: Felt
                        slot_index: Felt
                    ScopeId(77) (Block)
                ScopeId(18) (Function)
                    Variables:
                        contract_state_tree_height: Felt
                        user_id: Felt
                        contract_id: Felt
                        slot_index: Felt
                    ScopeId(78) (Block)
                ScopeId(19) (Function)
                    Variables:
                        slot_index: Felt
                        new_value: Array
                    ScopeId(79) (Block)
            ScopeId(4) (Module)
                Types:
                    pub Felt (TypeId(3))
                    pub Array (TypeId(7))
                    pub CheckedValueRef(RwLock { data: U32(4u32), poisoned: false, .. }) (TypeId(8))
                    pub Array (TypeId(9))
                    pub Array (TypeId(9))
                    pub Array (TypeId(54))
                    pub Array (TypeId(63))
                    pub CheckedValueRef(RwLock { data: U32(1u32), poisoned: false, .. }) (TypeId(75))
                    pub CheckedValueRef(RwLock { data: U32(2u32), poisoned: false, .. }) (TypeId(84))
                    pub Array (TypeId(85))
                ScopeId(8) (Array)
                    Types:
                        pub T (TypeId(5))
                        pub N (TypeId(6))
            ScopeId(7) (Module)
                Types:
                    pub trait Default (TypeId(33))
                        Body: [DefId(20)]
                        Unchecked Body: [DefId(60)]
                ScopeId(29) (Trait)
                    Types:
                        pub fn default (TypeId(32))
                            Return Type: Self (TypeId(34))
                        pub Self (TypeId(34))
                    ScopeId(30) (TraitMethod)
                ScopeId(63) (Impl)
                    Types:
                        pub Felt (TypeId(3))
                        pub fn default (TypeId(81))
                            Return Type: Felt (TypeId(3))
                            Body: ExprId(213)
                    ScopeId(64) (TraitMethod)
                        ScopeId(102) (Block)
                ScopeId(65) (Impl)
                    Types:
                        pub fn default (TypeId(82))
                            Return Type: bool (TypeId(2))
                            Body: ExprId(215)
                    ScopeId(66) (TraitMethod)
                        ScopeId(103) (Block)
                ScopeId(67) (Impl)
                    Types:
                        pub fn default (TypeId(83))
                            Return Type: u32 (TypeId(4))
                            Body: ExprId(217)
                    ScopeId(68) (TraitMethod)
                        ScopeId(104) (Block)
            ScopeId(5) (Module)
                Types:
                    pub fn transmute (TypeId(10))
                        Parameters:
                            T x (Identifier { id: IdentId(60), location: Location { file_id: FileId(5), start: 23, end: 24 } }, TypeId(10))
                        Return Type: U (TypeId(38))
                        Body: ExprId(2)
                        Generic Parameters: [TypeId(38), TypeId(39)]
                    pub fn size_of (TypeId(11))
                        Return Type: Felt (TypeId(3))
                        Body: ExprId(4)
                        Generic Parameters: [TypeId(40)]
                ScopeId(9) (Function)
                    Variables:
                        x: T
                    Types:
                        pub U (TypeId(38))
                        pub T (TypeId(39))
                    ScopeId(69) (Block)
                ScopeId(10) (Function)
                    Types:
                        pub T (TypeId(40))
                    ScopeId(70) (Block)
    ScopeId(31) (Struct)
    ScopeId(32) (Struct)
    ScopeId(33) (Function)
        ScopeId(105) (Block)
            Variables:
                father: Person
                mother: Person
                mut boy: Person
                girl: Person
                mut family: Family
