---
source: qed_compiler/qed-interpreter/src/lib.rs
expression: "ctx.debug_scope(ScopeId::root())"
input_file: qed_compiler/tests/struct_test.qed
---
ScopeId(0) (Module)
    Types:
        trait PersonLike (TypeId(38))
            Body: [DefId(24)]
            Unchecked Body: [DefId(3)]
        struct Person (TypeId(40))
            Fields:
                pub Tuple age_height (Identifier { id: IdentId(30), location: Location { file_id: FileId(0), start: 339, end: 349 } }, TypeId(40))
                pub Felt year_of_birth (Identifier { id: IdentId(31), location: Location { file_id: FileId(0), start: 383, end: 396 } }, TypeId(40))
        struct Family (TypeId(41))
            Fields:
                Person father (Identifier { id: IdentId(33), location: Location { file_id: FileId(0), start: 541, end: 547 } }, TypeId(41))
                Person mother (Identifier { id: IdentId(34), location: Location { file_id: FileId(0), start: 561, end: 567 } }, TypeId(41))
                pub Array children (Identifier { id: IdentId(35), location: Location { file_id: FileId(0), start: 585, end: 593 } }, TypeId(41))
        struct ContractStorage (TypeId(42))
            Fields:
                Felt a (Identifier { id: IdentId(24), location: Location { file_id: FileId(0), start: 1263, end: 1264 } }, TypeId(42))
                Array b (Identifier { id: IdentId(25), location: Location { file_id: FileId(0), start: 1276, end: 1277 } }, TypeId(42))
                Person c (Identifier { id: IdentId(46), location: Location { file_id: FileId(0), start: 1294, end: 1295 } }, TypeId(42))
        fn main (TypeId(43))
            Return Type: void (TypeId(1))
            Body: ExprId(377)
        pub trait Storage (TypeId(13))
            Body: [DefId(0), DefId(1), DefId(2)]
            Unchecked Body: [DefId(27), DefId(28), DefId(29)]
        pub trait StorageAt (TypeId(17))
            Body: [DefId(4), DefId(5)]
            Unchecked Body: [DefId(31), DefId(32)]
            Generic Parameters: [TypeId(44), TypeId(45)]
        pub struct StorageRef (TypeId(19))
            Fields:
                pub Felt offset (Identifier { id: IdentId(73), location: Location { file_id: FileId(4), start: 3362, end: 3368 } }, TypeId(19))
                pub ContractMetadata metadata (Identifier { id: IdentId(82), location: Location { file_id: FileId(4), start: 3384, end: 3392 } }, TypeId(19))
            Generic Parameters: [TypeId(69), TypeId(70)]
        pub struct ContractMetadata (TypeId(20))
            Fields:
                pub Felt contract_state_tree_height (Identifier { id: IdentId(70), location: Location { file_id: FileId(4), start: 4234, end: 4260 } }, TypeId(20))
                pub Felt contract_id (Identifier { id: IdentId(72), location: Location { file_id: FileId(4), start: 4276, end: 4287 } }, TypeId(20))
                pub Felt user_id (Identifier { id: IdentId(71), location: Location { file_id: FileId(4), start: 4303, end: 4310 } }, TypeId(20))
        pub trait StorageAt (TypeId(65))
            Body: [DefId(49), DefId(50)]
            Unchecked Body: [DefId(31), DefId(32)]
            Generic Parameters: [TypeId(61), TypeId(62)]
        pub struct StorageRef (TypeId(73))
            Fields:
                pub Felt offset (Identifier { id: IdentId(73), location: Location { file_id: FileId(4), start: 3362, end: 3368 } }, TypeId(73))
                pub ContractMetadata metadata (Identifier { id: IdentId(82), location: Location { file_id: FileId(4), start: 3384, end: 3392 } }, TypeId(73))
            Generic Parameters: [TypeId(71), TypeId(72)]
        pub struct StorageRef (TypeId(79))
            Fields:
                pub Felt offset (Identifier { id: IdentId(73), location: Location { file_id: FileId(4), start: 3362, end: 3368 } }, TypeId(79))
                pub ContractMetadata metadata (Identifier { id: IdentId(82), location: Location { file_id: FileId(4), start: 3384, end: 3392 } }, TypeId(79))
            Generic Parameters: [TypeId(71), TypeId(78)]
        pub fn get_user_id (TypeId(21))
            Return Type: Felt (TypeId(3))
            Body: ExprId(146)
        pub fn get_contract_id (TypeId(22))
            Return Type: Felt (TypeId(3))
            Body: ExprId(148)
        pub fn get_checkpoint_id (TypeId(23))
            Return Type: Felt (TypeId(3))
            Body: ExprId(150)
        pub fn get_last_nonce (TypeId(24))
            Return Type: Felt (TypeId(3))
            Body: ExprId(152)
        pub fn get_user_public_key_hash (TypeId(25))
            Return Type: Array (TypeId(9))
            Body: ExprId(154)
        pub fn get_state_hash_at (TypeId(26))
            Parameters:
                Felt slot_index (Identifier { id: IdentId(93), location: Location { file_id: FileId(5), start: 393, end: 403 } }, TypeId(26))
            Return Type: Array (TypeId(9))
            Body: ExprId(157)
        pub fn get_other_contract_state_hash_at (TypeId(27))
            Parameters:
                Felt contract_state_tree_height (Identifier { id: IdentId(70), location: Location { file_id: FileId(5), start: 504, end: 530 } }, TypeId(27))
                Felt contract_id (Identifier { id: IdentId(72), location: Location { file_id: FileId(5), start: 538, end: 549 } }, TypeId(27))
                Felt slot_index (Identifier { id: IdentId(93), location: Location { file_id: FileId(5), start: 557, end: 567 } }, TypeId(27))
            Return Type: Array (TypeId(9))
            Body: ExprId(162)
        pub fn get_other_user_contract_state_hash_at (TypeId(28))
            Parameters:
                Felt contract_state_tree_height (Identifier { id: IdentId(70), location: Location { file_id: FileId(5), start: 729, end: 755 } }, TypeId(28))
                Felt user_id (Identifier { id: IdentId(71), location: Location { file_id: FileId(5), start: 763, end: 770 } }, TypeId(28))
                Felt contract_id (Identifier { id: IdentId(72), location: Location { file_id: FileId(5), start: 778, end: 789 } }, TypeId(28))
                Felt slot_index (Identifier { id: IdentId(93), location: Location { file_id: FileId(5), start: 797, end: 807 } }, TypeId(28))
            Return Type: Array (TypeId(9))
            Body: ExprId(168)
        pub fn cset_state_hash_at (TypeId(29))
            Parameters:
                Felt slot_index (Identifier { id: IdentId(93), location: Location { file_id: FileId(5), start: 964, end: 974 } }, TypeId(29))
                Array new_value (Identifier { id: IdentId(97), location: Location { file_id: FileId(5), start: 982, end: 991 } }, TypeId(29))
            Return Type: Array (TypeId(9))
            Body: ExprId(172)
        pub Felt (TypeId(3))
        pub Array (TypeId(7))
        pub CheckedValueRef(RwLock { data: U32(4u32), poisoned: false, .. }) (TypeId(8))
        pub Array (TypeId(9))
        pub Array (TypeId(9))
        pub Array (TypeId(57))
        pub Array (TypeId(66))
        pub CheckedValueRef(RwLock { data: U32(1u32), poisoned: false, .. }) (TypeId(78))
        pub trait Default (TypeId(31))
            Body: [DefId(18)]
            Unchecked Body: [DefId(75)]
        pub fn transmute (TypeId(33))
            Parameters:
                T x (Identifier { id: IdentId(100), location: Location { file_id: FileId(7), start: 23, end: 24 } }, TypeId(33))
            Return Type: U (TypeId(87))
            Body: ExprId(181)
            Generic Parameters: [TypeId(87), TypeId(88)]
        pub fn size_of (TypeId(34))
            Return Type: Felt (TypeId(3))
            Body: ExprId(183)
            Generic Parameters: [TypeId(89)]
        pub fn max (TypeId(35))
            Parameters:
                Felt a (Identifier { id: IdentId(24), location: Location { file_id: FileId(0), start: 26, end: 27 } }, TypeId(35))
                Felt b (Identifier { id: IdentId(25), location: Location { file_id: FileId(0), start: 35, end: 36 } }, TypeId(35))
            Return Type: Felt (TypeId(3))
            Body: ExprId(197)
        pub fn min (TypeId(36))
            Parameters:
                Felt a (Identifier { id: IdentId(24), location: Location { file_id: FileId(0), start: 143, end: 144 } }, TypeId(36))
                Felt b (Identifier { id: IdentId(25), location: Location { file_id: FileId(0), start: 152, end: 153 } }, TypeId(36))
            Return Type: Felt (TypeId(3))
            Body: ExprId(211)
    ScopeId(1) (Module)
        Types:
            pub fn max (TypeId(35))
                Parameters:
                    Felt a (Identifier { id: IdentId(24), location: Location { file_id: FileId(0), start: 26, end: 27 } }, TypeId(35))
                    Felt b (Identifier { id: IdentId(25), location: Location { file_id: FileId(0), start: 35, end: 36 } }, TypeId(35))
                Return Type: Felt (TypeId(3))
                Body: ExprId(197)
            pub fn min (TypeId(36))
                Parameters:
                    Felt a (Identifier { id: IdentId(24), location: Location { file_id: FileId(0), start: 143, end: 144 } }, TypeId(36))
                    Felt b (Identifier { id: IdentId(25), location: Location { file_id: FileId(0), start: 152, end: 153 } }, TypeId(36))
                Return Type: Felt (TypeId(3))
                Body: ExprId(211)
            pub trait Storage (TypeId(13))
                Body: [DefId(0), DefId(1), DefId(2)]
                Unchecked Body: [DefId(27), DefId(28), DefId(29)]
            pub trait StorageAt (TypeId(17))
                Body: [DefId(4), DefId(5)]
                Unchecked Body: [DefId(31), DefId(32)]
                Generic Parameters: [TypeId(44), TypeId(45)]
            pub struct StorageRef (TypeId(19))
                Fields:
                    pub Felt offset (Identifier { id: IdentId(73), location: Location { file_id: FileId(4), start: 3362, end: 3368 } }, TypeId(19))
                    pub ContractMetadata metadata (Identifier { id: IdentId(82), location: Location { file_id: FileId(4), start: 3384, end: 3392 } }, TypeId(19))
                Generic Parameters: [TypeId(69), TypeId(70)]
            pub struct ContractMetadata (TypeId(20))
                Fields:
                    pub Felt contract_state_tree_height (Identifier { id: IdentId(70), location: Location { file_id: FileId(4), start: 4234, end: 4260 } }, TypeId(20))
                    pub Felt contract_id (Identifier { id: IdentId(72), location: Location { file_id: FileId(4), start: 4276, end: 4287 } }, TypeId(20))
                    pub Felt user_id (Identifier { id: IdentId(71), location: Location { file_id: FileId(4), start: 4303, end: 4310 } }, TypeId(20))
            pub trait StorageAt (TypeId(65))
                Body: [DefId(49), DefId(50)]
                Unchecked Body: [DefId(31), DefId(32)]
                Generic Parameters: [TypeId(61), TypeId(62)]
            pub struct StorageRef (TypeId(73))
                Fields:
                    pub Felt offset (Identifier { id: IdentId(73), location: Location { file_id: FileId(4), start: 3362, end: 3368 } }, TypeId(73))
                    pub ContractMetadata metadata (Identifier { id: IdentId(82), location: Location { file_id: FileId(4), start: 3384, end: 3392 } }, TypeId(73))
                Generic Parameters: [TypeId(71), TypeId(72)]
            pub struct StorageRef (TypeId(79))
                Fields:
                    pub Felt offset (Identifier { id: IdentId(73), location: Location { file_id: FileId(4), start: 3362, end: 3368 } }, TypeId(79))
                    pub ContractMetadata metadata (Identifier { id: IdentId(82), location: Location { file_id: FileId(4), start: 3384, end: 3392 } }, TypeId(79))
                Generic Parameters: [TypeId(71), TypeId(78)]
            pub fn get_user_id (TypeId(21))
                Return Type: Felt (TypeId(3))
                Body: ExprId(146)
            pub fn get_contract_id (TypeId(22))
                Return Type: Felt (TypeId(3))
                Body: ExprId(148)
            pub fn get_checkpoint_id (TypeId(23))
                Return Type: Felt (TypeId(3))
                Body: ExprId(150)
            pub fn get_last_nonce (TypeId(24))
                Return Type: Felt (TypeId(3))
                Body: ExprId(152)
            pub fn get_user_public_key_hash (TypeId(25))
                Return Type: Array (TypeId(9))
                Body: ExprId(154)
            pub fn get_state_hash_at (TypeId(26))
                Parameters:
                    Felt slot_index (Identifier { id: IdentId(93), location: Location { file_id: FileId(5), start: 393, end: 403 } }, TypeId(26))
                Return Type: Array (TypeId(9))
                Body: ExprId(157)
            pub fn get_other_contract_state_hash_at (TypeId(27))
                Parameters:
                    Felt contract_state_tree_height (Identifier { id: IdentId(70), location: Location { file_id: FileId(5), start: 504, end: 530 } }, TypeId(27))
                    Felt contract_id (Identifier { id: IdentId(72), location: Location { file_id: FileId(5), start: 538, end: 549 } }, TypeId(27))
                    Felt slot_index (Identifier { id: IdentId(93), location: Location { file_id: FileId(5), start: 557, end: 567 } }, TypeId(27))
                Return Type: Array (TypeId(9))
                Body: ExprId(162)
            pub fn get_other_user_contract_state_hash_at (TypeId(28))
                Parameters:
                    Felt contract_state_tree_height (Identifier { id: IdentId(70), location: Location { file_id: FileId(5), start: 729, end: 755 } }, TypeId(28))
                    Felt user_id (Identifier { id: IdentId(71), location: Location { file_id: FileId(5), start: 763, end: 770 } }, TypeId(28))
                    Felt contract_id (Identifier { id: IdentId(72), location: Location { file_id: FileId(5), start: 778, end: 789 } }, TypeId(28))
                    Felt slot_index (Identifier { id: IdentId(93), location: Location { file_id: FileId(5), start: 797, end: 807 } }, TypeId(28))
                Return Type: Array (TypeId(9))
                Body: ExprId(168)
            pub fn cset_state_hash_at (TypeId(29))
                Parameters:
                    Felt slot_index (Identifier { id: IdentId(93), location: Location { file_id: FileId(5), start: 964, end: 974 } }, TypeId(29))
                    Array new_value (Identifier { id: IdentId(97), location: Location { file_id: FileId(5), start: 982, end: 991 } }, TypeId(29))
                Return Type: Array (TypeId(9))
                Body: ExprId(172)
            pub Felt (TypeId(3))
            pub Array (TypeId(7))
            pub CheckedValueRef(RwLock { data: U32(4u32), poisoned: false, .. }) (TypeId(8))
            pub Array (TypeId(9))
            pub Array (TypeId(9))
            pub Array (TypeId(57))
            pub Array (TypeId(66))
            pub CheckedValueRef(RwLock { data: U32(1u32), poisoned: false, .. }) (TypeId(78))
            pub trait Default (TypeId(31))
                Body: [DefId(18)]
                Unchecked Body: [DefId(75)]
            pub fn transmute (TypeId(33))
                Parameters:
                    T x (Identifier { id: IdentId(100), location: Location { file_id: FileId(7), start: 23, end: 24 } }, TypeId(33))
                Return Type: U (TypeId(87))
                Body: ExprId(181)
                Generic Parameters: [TypeId(87), TypeId(88)]
            pub fn size_of (TypeId(34))
                Return Type: Felt (TypeId(3))
                Body: ExprId(183)
                Generic Parameters: [TypeId(89)]
        ScopeId(32) (Function)
            Variables:
                a: Felt
                b: Felt
            ScopeId(120) (Block)
        ScopeId(33) (Function)
            Variables:
                a: Felt
                b: Felt
            ScopeId(121) (Block)
    ScopeId(34) (Trait)
        Types:
            pub fn age (TypeId(37))
                Parameters:
                    Self self (Identifier { id: IdentId(9), location: Location { file_id: FileId(0), start: 291, end: 295 } }, TypeId(37))
                Return Type: Felt (TypeId(3))
            pub Self (TypeId(39))
        ScopeId(35) (TraitMethod)
            Variables:
                self: Self
    ScopeId(36) (Struct)
    ScopeId(37) (Struct)
    ScopeId(38) (Struct)
    ScopeId(39) (Function)
        ScopeId(129) (Block)
            Variables:
                a: Felt
                b: Felt
                c: Felt
                mut d: Array
                e: Felt
                t: bool
                f: bool
                t_eq_f: bool
                t_neq_f: bool
                r: bool
                min_a_b: Felt
                max2_a_b: Felt
                person: Person
                mut persons: Array
                family: Family
                age: Felt
                age_via_trait: Felt
                height: Felt
                year_of_birth: Felt
            Types:
                fn max_2 (TypeId(103))
                    Parameters:
                        Felt a (Identifier { id: IdentId(24), location: Location { file_id: FileId(0), start: 1688, end: 1689 } }, TypeId(103))
                        Felt b (Identifier { id: IdentId(25), location: Location { file_id: FileId(0), start: 1697, end: 1698 } }, TypeId(103))
                    Return Type: Felt (TypeId(3))
                    Body: ExprId(310)
            ScopeId(130) (Function)
                Variables:
                    a: Felt
                    b: Felt
                ScopeId(131) (Block)
    ScopeId(75) (Impl)
        Types:
            struct Person (TypeId(40))
                Fields:
                    pub Tuple age_height (Identifier { id: IdentId(30), location: Location { file_id: FileId(0), start: 339, end: 349 } }, TypeId(40))
                    pub Felt year_of_birth (Identifier { id: IdentId(31), location: Location { file_id: FileId(0), start: 383, end: 396 } }, TypeId(40))
            pub fn age (TypeId(93))
                Parameters:
                    Person self (Identifier { id: IdentId(9), location: Location { file_id: FileId(0), start: 451, end: 455 } }, TypeId(93))
                Return Type: Felt (TypeId(3))
                Body: ExprId(217)
        ScopeId(76) (TraitMethod)
            Variables:
                self: Person
            ScopeId(122) (Block)
    ScopeId(77) (Impl)
        Types:
            struct Person (TypeId(40))
                Fields:
                    pub Tuple age_height (Identifier { id: IdentId(30), location: Location { file_id: FileId(0), start: 339, end: 349 } }, TypeId(40))
                    pub Felt year_of_birth (Identifier { id: IdentId(31), location: Location { file_id: FileId(0), start: 383, end: 396 } }, TypeId(40))
            pub fn set_age (TypeId(95))
                Parameters:
                    mut Person self (Identifier { id: IdentId(9), location: Location { file_id: FileId(0), start: 648, end: 652 } }, TypeId(95))
                    Felt new_age (Identifier { id: IdentId(37), location: Location { file_id: FileId(0), start: 662, end: 669 } }, TypeId(95))
                Return Type: void (TypeId(1))
                Body: ExprId(224)
            pub fn get_age (TypeId(96))
                Parameters:
                    Person self (Identifier { id: IdentId(9), location: Location { file_id: FileId(0), start: 744, end: 748 } }, TypeId(96))
                Return Type: Felt (TypeId(3))
                Body: ExprId(230)
            pub fn set_height (TypeId(97))
                Parameters:
                    mut Person self (Identifier { id: IdentId(9), location: Location { file_id: FileId(0), start: 837, end: 841 } }, TypeId(97))
                    Felt new_height (Identifier { id: IdentId(40), location: Location { file_id: FileId(0), start: 851, end: 861 } }, TypeId(97))
                Return Type: void (TypeId(1))
                Body: ExprId(237)
            pub fn get_height (TypeId(98))
                Parameters:
                    Person self (Identifier { id: IdentId(9), location: Location { file_id: FileId(0), start: 942, end: 946 } }, TypeId(98))
                Return Type: Felt (TypeId(3))
                Body: ExprId(243)
            pub fn get_year_of_birth (TypeId(99))
                Parameters:
                    Person self (Identifier { id: IdentId(9), location: Location { file_id: FileId(0), start: 1038, end: 1042 } }, TypeId(99))
                Return Type: Felt (TypeId(3))
                Body: ExprId(246)
            pub fn set_year_of_birth (TypeId(100))
                Parameters:
                    mut Person self (Identifier { id: IdentId(9), location: Location { file_id: FileId(0), start: 1136, end: 1140 } }, TypeId(100))
                    Felt new_year_of_birth (Identifier { id: IdentId(44), location: Location { file_id: FileId(0), start: 1150, end: 1167 } }, TypeId(100))
                Return Type: void (TypeId(1))
                Body: ExprId(250)
        ScopeId(78) (ImplMethod)
            Variables:
                mut self: Person
                new_age: Felt
            ScopeId(123) (Block)
        ScopeId(79) (ImplMethod)
            Variables:
                self: Person
            ScopeId(124) (Block)
        ScopeId(80) (ImplMethod)
            Variables:
                mut self: Person
                new_height: Felt
            ScopeId(125) (Block)
        ScopeId(81) (ImplMethod)
            Variables:
                self: Person
            ScopeId(126) (Block)
        ScopeId(82) (ImplMethod)
            Variables:
                self: Person
            ScopeId(127) (Block)
        ScopeId(83) (ImplMethod)
            Variables:
                mut self: Person
                new_year_of_birth: Felt
            ScopeId(128) (Block)
